Component: ARM Compiler 5.05 update 1 (build 106) Tool: armlink [4d0efa]

==============================================================================

Section Cross References

    main.o(i.main) refers to sys.o(i.RCC_Configuration) for RCC_Configuration
    main.o(i.main) refers to sys.o(i.NVIC_Configuration) for NVIC_Configuration
    main.o(i.main) refers to key.o(i.key_init) for key_init
    main.o(i.main) refers to sys.o(i.TIM_Configuration) for TIM_Configuration
    main.o(i.main) refers to usart.o(i.uart_init) for uart_init
    main.o(i.main) refers to led.o(i.LED_GPIO_Config) for LED_GPIO_Config
    main.o(i.main) refers to delay.o(i.delay_init) for delay_init
    main.o(i.main) refers to oled.o(i.OLED_Init) for OLED_Init
    main.o(i.main) refers to oled.o(i.OLED_ShowString) for OLED_ShowString
    main.o(i.main) refers to printf6.o(i.__0printf$6) for __2printf
    main.o(i.main) refers to vs10xx.o(i.VS_Init) for VS_Init
    main.o(i.main) refers to sdcard.o(i.SD_Init) for SD_Init
    main.o(i.main) refers to fatfs.o(i.get_disk_info) for get_disk_info
    main.o(i.main) refers to fatfs.o(i.list_file) for list_file
    main.o(i.main) refers to oled.o(i.OLED_Clear) for OLED_Clear
    main.o(i.main) refers to fatfs.o(i.Main_Player) for Main_Player
    stm32f10x_it.o(i.TIM2_IRQHandler) refers to key.o(i.read_keyboard) for read_keyboard
    stm32f10x_it.o(i.TIM2_IRQHandler) refers to stm32f10x_tim.o(i.TIM_ClearITPendingBit) for TIM_ClearITPendingBit
    stm32f10x_it.o(i.TIM3_IRQHandler) refers to fatfs.o(i.OLED_MusicProcess) for OLED_MusicProcess
    stm32f10x_it.o(i.TIM3_IRQHandler) refers to stm32f10x_tim.o(i.TIM_ClearITPendingBit) for TIM_ClearITPendingBit
    system_stm32f10x.o(i.SetSysClock) refers to system_stm32f10x.o(i.SetSysClockTo72) for SetSysClockTo72
    system_stm32f10x.o(i.SystemCoreClockUpdate) refers to system_stm32f10x.o(.data) for SystemCoreClock
    system_stm32f10x.o(i.SystemInit) refers to system_stm32f10x.o(i.SetSysClock) for SetSysClock
    oled.o(i.OLED_Clear) refers to oled.o(i.OLED_WR_Byte) for OLED_WR_Byte
    oled.o(i.OLED_Display_Off) refers to oled.o(i.OLED_WR_Byte) for OLED_WR_Byte
    oled.o(i.OLED_Display_On) refers to oled.o(i.OLED_WR_Byte) for OLED_WR_Byte
    oled.o(i.OLED_DrawBMP) refers to oled.o(i.OLED_Set_Pos) for OLED_Set_Pos
    oled.o(i.OLED_DrawBMP) refers to oled.o(i.OLED_WR_Byte) for OLED_WR_Byte
    oled.o(i.OLED_DrawIcon) refers to oled.o(i.OLED_Set_Pos) for OLED_Set_Pos
    oled.o(i.OLED_DrawIcon) refers to oled.o(i.OLED_WR_Byte) for OLED_WR_Byte
    oled.o(i.OLED_DrawIcon) refers to oled.o(.constdata) for Icon
    oled.o(i.OLED_DrawProcess) refers to oled.o(i.OLED_Set_Pos) for OLED_Set_Pos
    oled.o(i.OLED_DrawProcess) refers to oled.o(i.OLED_WR_Byte) for OLED_WR_Byte
    oled.o(i.OLED_Init) refers to stm32f10x_gpio.o(i.GPIO_Init) for GPIO_Init
    oled.o(i.OLED_Init) refers to stm32f10x_gpio.o(i.GPIO_SetBits) for GPIO_SetBits
    oled.o(i.OLED_Init) refers to delay.o(i.delay_ms) for delay_ms
    oled.o(i.OLED_Init) refers to stm32f10x_gpio.o(i.GPIO_ResetBits) for GPIO_ResetBits
    oled.o(i.OLED_Init) refers to oled.o(i.OLED_WR_Byte) for OLED_WR_Byte
    oled.o(i.OLED_Init) refers to oled.o(i.OLED_Clear) for OLED_Clear
    oled.o(i.OLED_Init) refers to oled.o(i.OLED_Set_Pos) for OLED_Set_Pos
    oled.o(i.OLED_Set_Pos) refers to oled.o(i.OLED_WR_Byte) for OLED_WR_Byte
    oled.o(i.OLED_ShowCHinese) refers to oled.o(i.OLED_Set_Pos) for OLED_Set_Pos
    oled.o(i.OLED_ShowCHinese) refers to oled.o(i.OLED_WR_Byte) for OLED_WR_Byte
    oled.o(i.OLED_ShowCHinese) refers to oled.o(.data) for Hzk
    oled.o(i.OLED_ShowChar) refers to oled.o(i.OLED_Set_Pos) for OLED_Set_Pos
    oled.o(i.OLED_ShowChar) refers to oled.o(i.OLED_WR_Byte) for OLED_WR_Byte
    oled.o(i.OLED_ShowChar) refers to oled.o(.constdata) for F6x8
    oled.o(i.OLED_ShowNum) refers to oled.o(i.oled_pow) for oled_pow
    oled.o(i.OLED_ShowNum) refers to oled.o(i.OLED_ShowChar) for OLED_ShowChar
    oled.o(i.OLED_ShowString) refers to oled.o(i.OLED_ShowChar) for OLED_ShowChar
    oled.o(i.OLED_WR_Byte) refers to stm32f10x_gpio.o(i.GPIO_SetBits) for GPIO_SetBits
    oled.o(i.OLED_WR_Byte) refers to stm32f10x_gpio.o(i.GPIO_ResetBits) for GPIO_ResetBits
    led.o(i.LED_GPIO_Config) refers to stm32f10x_gpio.o(i.GPIO_Init) for GPIO_Init
    led.o(i.LED_GPIO_Config) refers to stm32f10x_gpio.o(i.GPIO_SetBits) for GPIO_SetBits
    delay.o(i.delay_init) refers to misc.o(i.SysTick_CLKSourceConfig) for SysTick_CLKSourceConfig
    delay.o(i.delay_init) refers to system_stm32f10x.o(.data) for SystemCoreClock
    delay.o(i.delay_init) refers to delay.o(.data) for fac_us
    delay.o(i.delay_ms) refers to delay.o(.data) for fac_ms
    delay.o(i.delay_us) refers to delay.o(.data) for fac_us
    vs10xx.o(i.GetDecodeTime) refers to vs10xx.o(i.VS_RD_Reg) for VS_RD_Reg
    vs10xx.o(i.GetHeadInfo) refers to vs10xx.o(i.VS_RD_Reg) for VS_RD_Reg
    vs10xx.o(i.GetHeadInfo) refers to vs10xx.o(.constdata) for bitrate
[...]
    Removing stm32f10x_tim.o(i.TIM_SetClockDivision), (18 bytes).
    Removing stm32f10x_tim.o(i.TIM_SetCompare1), (4 bytes).
    Removing stm32f10x_tim.o(i.TIM_SetCompare2), (4 bytes).
    Removing stm32f10x_tim.o(i.TIM_SetCompare3), (4 bytes).
    Removing stm32f10x_tim.o(i.TIM_SetCompare4), (6 bytes).
    Removing stm32f10x_tim.o(i.TIM_SetCounter), (4 bytes).
    Removing stm32f10x_tim.o(i.TIM_SetIC1Prescaler), (18 bytes).
    Removing stm32f10x_tim.o(i.TIM_SetIC2Prescaler), (26 bytes).
    Removing stm32f10x_tim.o(i.TIM_SetIC3Prescaler), (18 bytes).
    Removing stm32f10x_tim.o(i.TIM_SetIC4Prescaler), (26 bytes).
    Removing stm32f10x_tim.o(i.TIM_TIxExternalClockConfig), (62 bytes).
    Removing stm32f10x_tim.o(i.TIM_TimeBaseStructInit), (18 bytes).
    Removing stm32f10x_tim.o(i.TIM_UpdateDisableConfig), (24 bytes).
    Removing stm32f10x_tim.o(i.TIM_UpdateRequestConfig), (24 bytes).
    Removing stm32f10x_wwdg.o(i.WWDG_ClearFlag), (12 bytes).
    Removing stm32f10x_wwdg.o(i.WWDG_DeInit), (22 bytes).
    Removing stm32f10x_wwdg.o(i.WWDG_Enable), (16 bytes).
    Removing stm32f10x_wwdg.o(i.WWDG_EnableIT), (12 bytes).
    Removing stm32f10x_wwdg.o(i.WWDG_GetFlagStatus), (12 bytes).
    Removing stm32f10x_wwdg.o(i.WWDG_SetCounter), (16 bytes).
    Removing stm32f10x_wwdg.o(i.WWDG_SetPrescaler), (24 bytes).
    Removing stm32f10x_wwdg.o(i.WWDG_SetWindowValue), (40 bytes).
    Removing fatfs.o(i.OutPutFile), (212 bytes).
    Removing fatfs.o(i.VS_recorde_save), (468 bytes).
    Removing fatfs.o(i.check_file_name), (26 bytes).
    Removing fatfs.o(i.creat_dir), (184 bytes).
    Removing fatfs.o(i.creat_file), (176 bytes).
    Removing fatfs.o(i.delete_file), (204 bytes).
    Removing fatfs.o(i.edit_file), (576 bytes).
    Removing fatfs.o(i.format_disk), (192 bytes).
    Removing fatfs.o(i.read_file), (468 bytes).
    Removing fatfs.o(i.scan_files), (122 bytes).
    Removing ff.o(i.dir_remove), (54 bytes).
    Removing ff.o(i.f_chmod), (84 bytes).
    Removing ff.o(i.f_closedir), (22 bytes).
    Removing ff.o(i.f_mkdir), (352 bytes).
    Removing ff.o(i.f_mkfs), (1608 bytes).
    Removing ff.o(i.f_rename), (258 bytes).
    Removing ff.o(i.f_stat), (60 bytes).
    Removing ff.o(i.f_truncate), (184 bytes).
    Removing ff.o(i.f_unlink), (166 bytes).
    Removing ff.o(i.f_utime), (86 bytes).
    Removing ff.o(.constdata), (44 bytes).
    Removing sdcard.o(i.MSD_ReadBuffer), (140 bytes).
    Removing sdcard.o(i.MSD_WriteBuffer), (164 bytes).
    Removing sdcard.o(i.SD_GetCID), (36 bytes).
    Removing sdcard.o(i.SD_Read_Bytes), (148 bytes).
    Removing dadd.o(.text), (334 bytes).
    Removing dmul.o(.text), (228 bytes).
    Removing ddiv.o(.text), (222 bytes).
    Removing dfixul.o(.text), (48 bytes).
    Removing cdrcmple.o(.text), (48 bytes).
    Removing depilogue.o(.text), (186 bytes).

478 unused section(s) (total 27929 bytes) removed from the image.

==============================================================================

Image Symbol Table

    Local Symbols

    Symbol Name                              Value     Ov Type        Size  Object(Section)

    ../clib/microlib/division.c              0x00000000   Number         0  uldiv.o ABSOLUTE
    ../clib/microlib/division.c              0x00000000   Number         0  uidiv.o ABSOLUTE
    ../clib/microlib/init/entry.s            0x00000000   Number         0  entry9a.o ABSOLUTE
    ../clib/microlib/init/entry.s            0x00000000   Number         0  entry10b.o ABSOLUTE
    ../clib/microlib/init/entry.s            0x00000000   Number         0  entry.o ABSOLUTE
    ../clib/microlib/init/entry.s            0x00000000   Number         0  entry2.o ABSOLUTE
    ../clib/microlib/init/entry.s            0x00000000   Number         0  entry10a.o ABSOLUTE
    ../clib/microlib/init/entry.s            0x00000000   Number         0  entry9b.o ABSOLUTE
    ../clib/microlib/init/entry.s            0x00000000   Number         0  entry7b.o ABSOLUTE
    ../clib/microlib/init/entry.s            0x00000000   Number         0  entry5.o ABSOLUTE
    ../clib/microlib/init/entry.s            0x00000000   Number         0  entry8a.o ABSOLUTE
    ../clib/microlib/init/entry.s            0x00000000   Number         0  entry7a.o ABSOLUTE
    ../clib/microlib/init/entry.s            0x00000000   Number         0  entry11b.o ABSOLUTE
    ../clib/microlib/init/entry.s            0x00000000   Number         0  entry8b.o ABSOLUTE
    ../clib/microlib/init/entry.s            0x00000000   Number         0  entry11a.o ABSOLUTE
    ../clib/microlib/longlong.c              0x00000000   Number         0  llsshr.o ABSOLUTE
    ../clib/microlib/longlong.c              0x00000000   Number         0  llushr.o ABSOLUTE
    ../clib/microlib/longlong.c              0x00000000   Number         0  llshl.o ABSOLUTE
    ../clib/microlib/printf/printf.c         0x00000000   Number         0  printf7.o ABSOLUTE
    ../clib/microlib/printf/printf.c         0x00000000   Number         0  printf8.o ABSOLUTE
    ../clib/microlib/printf/printf.c         0x00000000   Number         0  printfa.o ABSOLUTE
    ../clib/microlib/printf/printf.c         0x00000000   Number         0  printfb.o ABSOLUTE
    ../clib/microlib/printf/printf.c         0x00000000   Number         0  printf0.o ABSOLUTE
    ../clib/microlib/printf/printf.c         0x00000000   Number         0  printf1.o ABSOLUTE
    ../clib/microlib/printf/printf.c         0x00000000   Number         0  printf2.o ABSOLUTE
    ../clib/microlib/printf/printf.c         0x00000000   Number         0  printf3.o ABSOLUTE
    ../clib/microlib/printf/printf.c         0x00000000   Number         0  printf4.o ABSOLUTE
    ../clib/microlib/printf/printf.c         0x00000000   Number         0  printf5.o ABSOLUTE
    ../clib/microlib/printf/printf.c         0x00000000   Number         0  printf6.o ABSOLUTE
    ../clib/microlib/printf/stubs.s          0x00000000   Number         0  stubs.o ABSOLUTE
    ../clib/microlib/string/memset.c         0x00000000   Number         0  memseta.o ABSOLUTE
    ../clib/microlib/string/strcat.c         0x00000000   Number         0  strcat.o ABSOLUTE
    ../clib/microlib/string/strcpy.c         0x00000000   Number         0  strcpy.o ABSOLUTE
    ../clib/microlib/string/strlen.c         0x00000000   Number         0  strlen.o ABSOLUTE
    ../clib/microlib/string/strstr.c         0x00000000   Number         0  strstr.o ABSOLUTE
    ../clib/microlib/stubs.s                 0x00000000   Number         0  iusefp.o ABSOLUTE
    ../clib/microlib/stubs.s                 0x00000000   Number         0  useno.o ABSOLUTE
    ../fplib/microlib/fpadd.c                0x00000000   Number         0  fadd.o ABSOLUTE
    ../fplib/microlib/fpadd.c                0x00000000   Number         0  dadd.o ABSOLUTE
    ../fplib/microlib/fpdiv.c                0x00000000   Number         0  ddiv.o ABSOLUTE
    ../fplib/microlib/fpdiv.c                0x00000000   Number         0  fdiv.o ABSOLUTE
    ../fplib/microlib/fpepilogue.c           0x00000000   Number         0  depilogue.o ABSOLUTE
    ../fplib/microlib/fpepilogue.c           0x00000000   Number         0  fepilogue.o ABSOLUTE
    ../fplib/microlib/fpfix.c                0x00000000   Number         0  dfixul.o ABSOLUTE
    ../fplib/microlib/fpfix.c                0x00000000   Number         0  ffixui.o ABSOLUTE
    ../fplib/microlib/fpflt.c                0x00000000   Number         0  fflti.o ABSOLUTE
    ../fplib/microlib/fpflt.c                0x00000000   Number         0  ffltui.o ABSOLUTE
    ../fplib/microlib/fpmul.c                0x00000000   Number         0  dmul.o ABSOLUTE
    ../fplib/microlib/fpmul.c                0x00000000   Number         0  fmul.o ABSOLUTE
    ..\CORE\core_cm3.c                       0x00000000   Number         0  core_cm3.o ABSOLUTE
    ..\CORE\startup_stm32f10x_hd.s           0x00000000   Number         0  startup_stm32f10x_hd.o ABSOLUTE
    ..\HARDWARE\KEY\key.c                    0x00000000   Number         0  key.o ABSOLUTE
    ..\HARDWARE\LED\led.c                    0x00000000   Number         0  led.o ABSOLUTE
    ..\HARDWARE\OLED\oled.c                  0x00000000   Number         0  oled.o ABSOLUTE
    ..\HARDWARE\VS10XX\vs10xx.c              0x00000000   Number         0  vs10xx.o ABSOLUTE
    ..\STM32F10x_FWLib\src\misc.c            0x00000000   Number         0  misc.o ABSOLUTE
    ..\STM32F10x_FWLib\src\stm32f10x_adc.c   0x00000000   Number         0  stm32f10x_adc.o ABSOLUTE
    ..\STM32F10x_FWLib\src\stm32f10x_bkp.c   0x00000000   Number         0  stm32f10x_bkp.o ABSOLUTE
    ..\STM32F10x_FWLib\src\stm32f10x_can.c   0x00000000   Number         0  stm32f10x_can.o ABSOLUTE
    ..\STM32F10x_FWLib\src\stm32f10x_cec.c   0x00000000   Number         0  stm32f10x_cec.o ABSOLUTE
    ..\STM32F10x_FWLib\src\stm32f10x_crc.c   0x00000000   Number         0  stm32f10x_crc.o ABSOLUTE
    ..\STM32F10x_FWLib\src\stm32f10x_dac.c   0x00000000   Number         0  stm32f10x_dac.o ABSOLUTE
    ..\STM32F10x_FWLib\src\stm32f10x_dbgmcu.c 0x00000000   Number         0  stm32f10x_dbgmcu.o ABSOLUTE
    ..\STM32F10x_FWLib\src\stm32f10x_dma.c   0x00000000   Number         0  stm32f10x_dma.o ABSOLUTE
    ..\STM32F10x_FWLib\src\stm32f10x_exti.c  0x00000000   Number         0  stm32f10x_exti.o ABSOLUTE
    ..\STM32F10x_FWLib\src\stm32f10x_flash.c 0x00000000   Number         0  stm32f10x_flash.o ABSOLUTE
    ..\STM32F10x_FWLib\src\stm32f10x_fsmc.c  0x00000000   Number         0  stm32f10x_fsmc.o ABSOLUTE
    ..\STM32F10x_FWLib\src\stm32f10x_gpio.c  0x00000000   Number         0  stm32f10x_gpio.o ABSOLUTE
    ..\STM32F10x_FWLib\src\stm32f10x_i2c.c   0x00000000   Number         0  stm32f10x_i2c.o ABSOLUTE
    ..\STM32F10x_FWLib\src\stm32f10x_iwdg.c  0x00000000   Number         0  stm32f10x_iwdg.o ABSOLUTE
    ..\STM32F10x_FWLib\src\stm32f10x_pwr.c   0x00000000   Number         0  stm32f10x_pwr.o ABSOLUTE
    ..\STM32F10x_FWLib\src\stm32f10x_rcc.c   0x00000000   Number         0  stm32f10x_rcc.o ABSOLUTE
    ..\STM32F10x_FWLib\src\stm32f10x_rtc.c   0x00000000   Number         0  stm32f10x_rtc.o ABSOLUTE
    ..\STM32F10x_FWLib\src\stm32f10x_sdio.c  0x00000000   Number         0  stm32f10x_sdio.o ABSOLUTE
    ..\STM32F10x_FWLib\src\stm32f10x_spi.c   0x00000000   Number         0  stm32f10x_spi.o ABSOLUTE
    ..\STM32F10x_FWLib\src\stm32f10x_tim.c   0x00000000   Number         0  stm32f10x_tim.o ABSOLUTE
    ..\STM32F10x_FWLib\src\stm32f10x_usart.c 0x00000000   Number         0  stm32f10x_usart.o ABSOLUTE
    ..\STM32F10x_FWLib\src\stm32f10x_wwdg.c  0x00000000   Number         0  stm32f10x_wwdg.o ABSOLUTE
    ..\SYSTEM\delay\delay.c                  0x00000000   Number         0  delay.o ABSOLUTE
    ..\SYSTEM\spi\spi.c                      0x00000000   Number         0  spi.o ABSOLUTE
    ..\SYSTEM\sys\sys.c                      0x00000000   Number         0  sys.o ABSOLUTE
    ..\SYSTEM\usart\usart.c                  0x00000000   Number         0  usart.o ABSOLUTE
    ..\\CORE\\core_cm3.c                     0x00000000   Number         0  core_cm3.o ABSOLUTE
    ..\fatfs\diskio.c                        0x00000000   Number         0  diskio.o ABSOLUTE
    ..\fatfs\fatfs.c                         0x00000000   Number         0  fatfs.o ABSOLUTE
    ..\fatfs\ff.c                            0x00000000   Number         0  ff.o ABSOLUTE
    ..\fatfs\sdcard.c                        0x00000000   Number         0  sdcard.o ABSOLUTE
    cdrcmple.s                               0x00000000   Number         0  cdrcmple.o ABSOLUTE
    cfcmple.s                                0x00000000   Number         0  cfcmple.o ABSOLUTE
    cfrcmple.s                               0x00000000   Number         0  cfrcmple.o ABSOLUTE
    dc.s                                     0x00000000   Number         0  dc.o ABSOLUTE
    handlers.s                               0x00000000   Number         0  handlers.o ABSOLUTE
    init.s                                   0x00000000   Number         0  init.o ABSOLUTE
    main.c                                   0x00000000   Number         0  main.o ABSOLUTE
    stm32f10x_it.c                           0x00000000   Number         0  stm32f10x_it.o ABSOLUTE
    system_stm32f10x.c                       0x00000000   Number         0  system_stm32f10x.o ABSOLUTE
    RESET                                    0x08000000   Section      304  startup_stm32f10x_hd.o(RESET)
    .ARM.Collect$$$$00000000                 0x08000130   Section        0  entry.o(.ARM.Collect$$$$00000000)
    .ARM.Collect$$$$00000001                 0x08000130   Section        4  entry2.o(.ARM.Collect$$$$00000001)
    .ARM.Collect$$$$00000004                 0x08000134   Section        4  entry5.o(.ARM.Collect$$$$00000004)
    .ARM.Collect$$$$00000008                 0x08000138   Section        0  entry7b.o(.ARM.Collect$$$$00000008)
    .ARM.Collect$$$$0000000A                 0x08000138   Section        0  entry8b.o(.ARM.Collect$$$$0000000A)
    .ARM.Collect$$$$0000000B                 0x08000138   Section        8  entry9a.o(.ARM.Collect$$$$0000000B)
    .ARM.Collect$$$$0000000D                 0x08000140   Section        0  entry10a.o(.ARM.Collect$$$$0000000D)
    .ARM.Collect$$$$0000000F                 0x08000140   Section        0  entry11a.o(.ARM.Collect$$$$0000000F)
    .ARM.Collect$$$$00002712                 0x08000140   Section        4  entry2.o(.ARM.Collect$$$$00002712)
    __lit__00000000                          0x08000140   Data           4  entry2.o(.ARM.Collect$$$$00002712)
    .text                                    0x08000144   Section       36  startup_stm32f10x_hd.o(.text)
    .text                                    0x08000168   Section        0  strcat.o(.text)
    .text                                    0x08000180   Section        0  strstr.o(.text)
    .text                                    0x080001a4   Section        0  strlen.o(.text)
    .text                                    0x080001b2   Section        0  strcpy.o(.text)
    .text                                    0x080001c4   Section        0  fadd.o(.text)
    .text                                    0x08000274   Section        0  fmul.o(.text)
    .text                                    0x080002d8   Section        0  fdiv.o(.text)
    .text                                    0x08000354   Section        0  fflti.o(.text)
    .text                                    0x08000366   Section        0  ffltui.o(.text)
    .text                                    0x08000370   Section        0  ffixui.o(.text)
    .text                                    0x08000398   Section       20  cfcmple.o(.text)
    .text                                    0x080003ac   Section       20  cfrcmple.o(.text)
    .text                                    0x080003c0   Section        0  uidiv.o(.text)
    .text                                    0x080003ec   Section        0  fepilogue.o(.text)
    .text                                    0x080003ec   Section        0  iusefp.o(.text)
    .text                                    0x0800045c   Section       36  init.o(.text)
    i.BusFault_Handler                       0x08000480   Section        0  stm32f10x_it.o(i.BusFault_Handler)
    i.DebugMon_Handler                       0x08000484   Section        0  stm32f10x_it.o(i.DebugMon_Handler)
    i.FLASH_PrefetchBufferCmd                0x08000488   Section        0  stm32f10x_flash.o(i.FLASH_PrefetchBufferCmd)
    i.FLASH_SetLatency                       0x080004a4   Section        0  stm32f10x_flash.o(i.FLASH_SetLatency)
    i.GPIO_Init                              0x080004bc   Section        0  stm32f10x_gpio.o(i.GPIO_Init)
    i.GPIO_ReadInputDataBit                  0x080005d2   Section        0  stm32f10x_gpio.o(i.GPIO_ReadInputDataBit)
    i.GPIO_ResetBits                         0x080005e4   Section        0  stm32f10x_gpio.o(i.GPIO_ResetBits)
    i.GPIO_SetBits                           0x080005e8   Section        0  stm32f10x_gpio.o(i.GPIO_SetBits)
    i.HardFault_Handler                      0x080005ec   Section        0  stm32f10x_it.o(i.HardFault_Handler)
    i.LED_GPIO_Config                        0x080005f0   Section        0  led.o(i.LED_GPIO_Config)
    i.Main_Player                            0x08000648   Section        0  fatfs.o(i.Main_Player)
    i.MemManage_Handler                      0x08000690   Section        0  stm32f10x_it.o(i.MemManage_Handler)
    i.NMI_Handler                            0x08000694   Section        0  stm32f10x_it.o(i.NMI_Handler)
    i.NVIC_Configuration                     0x08000696   Section        0  sys.o(i.NVIC_Configuration)
    i.NVIC_Init                              0x080006e4   Section        0  misc.o(i.NVIC_Init)
    i.NVIC_PriorityGroupConfig               0x08000754   Section        0  misc.o(i.NVIC_PriorityGroupConfig)
    i.NVIC_SetVectorTable                    0x08000768   Section        0  misc.o(i.NVIC_SetVectorTable)
    i.OLED_Clear                             0x0800077c   Section        0  oled.o(i.OLED_Clear)
    i.OLED_DrawIcon                          0x080007bc   Section        0  oled.o(i.OLED_DrawIcon)
    i.OLED_DrawProcess                       0x080007f4   Section        0  oled.o(i.OLED_DrawProcess)
    i.OLED_Init                              0x0800082c   Section        0  oled.o(i.OLED_Init)
    i.OLED_MusicProcess                      0x08000958   Section        0  fatfs.o(i.OLED_MusicProcess)
    i.OLED_Set_Pos                           0x080009bc   Section        0  oled.o(i.OLED_Set_Pos)
    i.OLED_ShowChar                          0x080009ec   Section        0  oled.o(i.OLED_ShowChar)
    i.OLED_ShowNum                           0x08000a40   Section        0  oled.o(i.OLED_ShowNum)
    i.OLED_ShowString                        0x08000ac4   Section        0  oled.o(i.OLED_ShowString)
    i.OLED_WR_Byte                           0x08000afc   Section        0  oled.o(i.OLED_WR_Byte)
    i.PendSV_Handler                         0x08000b7c   Section        0  stm32f10x_it.o(i.PendSV_Handler)
    i.PrePare_File                           0x08000b80   Section        0  fatfs.o(i.PrePare_File)
    i.RCC_APB1PeriphClockCmd                 0x08000cc8   Section        0  stm32f10x_rcc.o(i.RCC_APB1PeriphClockCmd)
    i.RCC_APB2PeriphClockCmd                 0x08000ce8   Section        0  stm32f10x_rcc.o(i.RCC_APB2PeriphClockCmd)
    i.RCC_Configuration                      0x08000d08   Section        0  sys.o(i.RCC_Configuration)
    i.RCC_DeInit                             0x08000d80   Section        0  stm32f10x_rcc.o(i.RCC_DeInit)
    i.RCC_GetClocksFreq                      0x08000dcc   Section        0  stm32f10x_rcc.o(i.RCC_GetClocksFreq)
    i.RCC_GetFlagStatus                      0x08000ea0   Section        0  stm32f10x_rcc.o(i.RCC_GetFlagStatus)
    i.RCC_GetSYSCLKSource                    0x08000edc   Section        0  stm32f10x_rcc.o(i.RCC_GetSYSCLKSource)
    i.RCC_HCLKConfig                         0x08000eec   Section        0  stm32f10x_rcc.o(i.RCC_HCLKConfig)
    i.RCC_HSEConfig                          0x08000f04   Section        0  stm32f10x_rcc.o(i.RCC_HSEConfig)
    i.RCC_PCLK1Config                        0x08000f50   Section        0  stm32f10x_rcc.o(i.RCC_PCLK1Config)
    i.RCC_PCLK2Config                        0x08000f68   Section        0  stm32f10x_rcc.o(i.RCC_PCLK2Config)
    i.RCC_PLLCmd                             0x08000f80   Section        0  stm32f10x_rcc.o(i.RCC_PLLCmd)
    i.RCC_PLLConfig                          0x08000f8c   Section        0  stm32f10x_rcc.o(i.RCC_PLLConfig)
    i.RCC_SYSCLKConfig                       0x08000fa8   Section        0  stm32f10x_rcc.o(i.RCC_SYSCLKConfig)
    i.RCC_WaitForHSEStartUp                  0x08000fc0   Section        0  stm32f10x_rcc.o(i.RCC_WaitForHSEStartUp)
    i.SD_GetCSD                              0x08000ff8   Section        0  sdcard.o(i.SD_GetCSD)
    i.SD_GetCapacity                         0x0800101c   Section        0  sdcard.o(i.SD_GetCapacity)
    i.SD_GetResponse                         0x080010c6   Section        0  sdcard.o(i.SD_GetResponse)
    i.SD_IO_Init                             0x080010ec   Section        0  sdcard.o(i.SD_IO_Init)
    i.SD_Idle_Sta                            0x08001184   Section        0  sdcard.o(i.SD_Idle_Sta)
    i.SD_Init                                0x080011d0   Section        0  sdcard.o(i.SD_Init)
    i.SD_ReadMultiBlock                      0x08001390   Section        0  sdcard.o(i.SD_ReadMultiBlock)
    i.SD_ReadSingleBlock                     0x08001408   Section        0  sdcard.o(i.SD_ReadSingleBlock)
    i.SD_ReceiveData                         0x0800144c   Section        0  sdcard.o(i.SD_ReceiveData)
    i.SD_SendCommand                         0x080014a4   Section        0  sdcard.o(i.SD_SendCommand)
    i.SD_SendCommand_NoDeassert              0x08001530   Section        0  sdcard.o(i.SD_SendCommand_NoDeassert)
    i.SD_WaitDataReady                       0x0800159c   Section        0  sdcard.o(i.SD_WaitDataReady)
    i.SD_WaitReady                           0x080015fe   Section        0  sdcard.o(i.SD_WaitReady)
    i.SD_WriteMultiBlock                     0x08001620   Section        0  sdcard.o(i.SD_WriteMultiBlock)
    i.SD_WriteSingleBlock                    0x08001700   Section        0  sdcard.o(i.SD_WriteSingleBlock)
    i.SPI_Cmd                                0x080017c8   Section        0  stm32f10x_spi.o(i.SPI_Cmd)
    i.SPI_I2S_GetFlagStatus                  0x080017e0   Section        0  stm32f10x_spi.o(i.SPI_I2S_GetFlagStatus)
    i.SPI_I2S_ReceiveData                    0x080017f2   Section        0  stm32f10x_spi.o(i.SPI_I2S_ReceiveData)
    i.SPI_I2S_SendData                       0x080017f8   Section        0  stm32f10x_spi.o(i.SPI_I2S_SendData)
    i.SPI_Init                               0x080017fc   Section        0  stm32f10x_spi.o(i.SPI_Init)
    i.SPI_ReadWriteByte                      0x08001838   Section        0  spi.o(i.SPI_ReadWriteByte)
    i.SPI_ReadWriteByte_SPI2                 0x08001874   Section        0  spi.o(i.SPI_ReadWriteByte_SPI2)
    i.SPI_SetSpeed_SPI1                      0x080018b0   Section        0  spi.o(i.SPI_SetSpeed_SPI1)
    i.SPI_SetSpeed_SPI2                      0x0800194c   Section        0  spi.o(i.SPI_SetSpeed_SPI2)
    i.SVC_Handler                            0x080019e8   Section        0  stm32f10x_it.o(i.SVC_Handler)
    i.SetSysClock                            0x080019ea   Section        0  system_stm32f10x.o(i.SetSysClock)
    SetSysClock                              0x080019eb   Thumb Code     8  system_stm32f10x.o(i.SetSysClock)
    i.SetSysClockTo72                        0x080019f4   Section        0  system_stm32f10x.o(i.SetSysClockTo72)
    SetSysClockTo72                          0x080019f5   Thumb Code   214  system_stm32f10x.o(i.SetSysClockTo72)
    i.Song_Player                            0x08001ad4   Section        0  fatfs.o(i.Song_Player)
    i.SysTick_CLKSourceConfig                0x08001bf0   Section        0  misc.o(i.SysTick_CLKSourceConfig)
    i.SysTick_Handler                        0x08001c18   Section        0  stm32f10x_it.o(i.SysTick_Handler)
    i.SystemInit                             0x08001c1c   Section        0  system_stm32f10x.o(i.SystemInit)
    i.TIM2_IRQHandler                        0x08001c7c   Section        0  stm32f10x_it.o(i.TIM2_IRQHandler)
    i.TIM3_IRQHandler                        0x08001c8c   Section        0  stm32f10x_it.o(i.TIM3_IRQHandler)
    i.TIM_ClearFlag                          0x08001ca0   Section        0  stm32f10x_tim.o(i.TIM_ClearFlag)
    i.TIM_ClearITPendingBit                  0x08001ca6   Section        0  stm32f10x_tim.o(i.TIM_ClearITPendingBit)
    i.TIM_Cmd                                0x08001cac   Section        0  stm32f10x_tim.o(i.TIM_Cmd)
    i.TIM_Configuration                      0x08001cc4   Section        0  sys.o(i.TIM_Configuration)
    i.TIM_ITConfig                           0x08001d88   Section        0  stm32f10x_tim.o(i.TIM_ITConfig)
    i.TIM_OC1Init                            0x08001d9c   Section        0  stm32f10x_tim.o(i.TIM_OC1Init)
    i.TIM_OC2Init                            0x08001e34   Section        0  stm32f10x_tim.o(i.TIM_OC2Init)
    i.TIM_PrescalerConfig                    0x08001ed8   Section        0  stm32f10x_tim.o(i.TIM_PrescalerConfig)
    i.TIM_TimeBaseInit                       0x08001ee0   Section        0  stm32f10x_tim.o(i.TIM_TimeBaseInit)
    i.USART1_IRQHandler                      0x08001f84   Section        0  usart.o(i.USART1_IRQHandler)
    i.USART_Cmd                              0x0800200c   Section        0  stm32f10x_usart.o(i.USART_Cmd)
    i.USART_GetITStatus                      0x08002024   Section        0  stm32f10x_usart.o(i.USART_GetITStatus)
    i.USART_ITConfig                         0x08002078   Section        0  stm32f10x_usart.o(i.USART_ITConfig)
    i.USART_Init                             0x080020c4   Section        0  stm32f10x_usart.o(i.USART_Init)
    i.USART_ReceiveData                      0x0800219c   Section        0  stm32f10x_usart.o(i.USART_ReceiveData)
    i.UsageFault_Handler                     0x080021a6   Section        0  stm32f10x_it.o(i.UsageFault_Handler)
    i.VS_IO_INIT                             0x080021ac   Section        0  vs10xx.o(i.VS_IO_INIT)
    i.VS_Init                                0x0800228c   Section        0  vs10xx.o(i.VS_Init)
    i.VS_LoadUserCode                        0x08002340   Section        0  vs10xx.o(i.VS_LoadUserCode)
    i.VS_RD_Reg                              0x080023b0   Section        0  vs10xx.o(i.VS_RD_Reg)
    i.VS_ST_Reset                            0x0800240c   Section        0  vs10xx.o(i.VS_ST_Reset)
    i.VS_WR_Cmd                              0x08002448   Section        0  vs10xx.o(i.VS_WR_Cmd)
    i.WR_Conf_File                           0x080024a0   Section        0  fatfs.o(i.WR_Conf_File)
    i.__0printf$6                            0x0800259c   Section        0  printf6.o(i.__0printf$6)
    i.__scatterload_copy                     0x080025bc   Section       14  handlers.o(i.__scatterload_copy)
    i.__scatterload_null                     0x080025ca   Section        2  handlers.o(i.__scatterload_null)
    i.__scatterload_zeroinit                 0x080025cc   Section       14  handlers.o(i.__scatterload_zeroinit)
    i._printf_core                           0x080025dc   Section        0  printf6.o(i._printf_core)
    _printf_core                             0x080025dd   Thumb Code   748  printf6.o(i._printf_core)
    i._printf_post_padding                   0x080028cc   Section        0  printf6.o(i._printf_post_padding)
    _printf_post_padding                     0x080028cd   Thumb Code    36  printf6.o(i._printf_post_padding)
    i._printf_pre_padding                    0x080028f0   Section        0  printf6.o(i._printf_pre_padding)
    _printf_pre_padding                      0x080028f1   Thumb Code    46  printf6.o(i._printf_pre_padding)
    i.check_fs                               0x08002920   Section        0  ff.o(i.check_fs)
    check_fs                                 0x08002921   Thumb Code   140  ff.o(i.check_fs)
    i.chk_chr                                0x080029b0   Section        0  ff.o(i.chk_chr)
    chk_chr                                  0x080029b1   Thumb Code    20  ff.o(i.chk_chr)
    i.clust2sect                             0x080029c4   Section        0  ff.o(i.clust2sect)
    i.create_chain                           0x080029de   Section        0  ff.o(i.create_chain)
    create_chain                             0x080029df   Thumb Code   214  ff.o(i.create_chain)
    i.create_name                            0x08002ab4   Section        0  ff.o(i.create_name)
    create_name                              0x08002ab5   Thumb Code   328  ff.o(i.create_name)
    i.delay_init                             0x08002c0c   Section        0  delay.o(i.delay_init)
    i.delay_ms                               0x08002c50   Section        0  delay.o(i.delay_ms)
    i.delay_us                               0x08002c9c   Section        0  delay.o(i.delay_us)
    i.dir_alloc                              0x08002ce8   Section        0  ff.o(i.dir_alloc)
    dir_alloc                                0x08002ce9   Thumb Code    92  ff.o(i.dir_alloc)
    i.dir_find                               0x08002d44   Section        0  ff.o(i.dir_find)
    dir_find                                 0x08002d45   Thumb Code    92  ff.o(i.dir_find)
    i.dir_next                               0x08002da0   Section        0  ff.o(i.dir_next)
    dir_next                                 0x08002da1   Thumb Code   270  ff.o(i.dir_next)
    i.dir_read                               0x08002eae   Section        0  ff.o(i.dir_read)
    dir_read                                 0x08002eaf   Thumb Code   114  ff.o(i.dir_read)
    i.dir_register                           0x08002f20   Section        0  ff.o(i.dir_register)
    dir_register                             0x08002f21   Thumb Code    58  ff.o(i.dir_register)
    i.dir_sdi                                0x08002f5a   Section        0  ff.o(i.dir_sdi)
    dir_sdi                                  0x08002f5b   Thumb Code   158  ff.o(i.dir_sdi)
    i.disk_initialize                        0x08002ff8   Section        0  diskio.o(i.disk_initialize)
    i.disk_ioctl                             0x08003018   Section        0  diskio.o(i.disk_ioctl)
    i.disk_read                              0x08003074   Section        0  diskio.o(i.disk_read)
    i.disk_status                            0x080030b0   Section        0  diskio.o(i.disk_status)
    i.disk_write                             0x080030b6   Section        0  diskio.o(i.disk_write)
    i.f_close                                0x080030f2   Section        0  ff.o(i.f_close)
    i.f_getfree                              0x08003112   Section        0  ff.o(i.f_getfree)
    i.f_lseek                                0x08003214   Section        0  ff.o(i.f_lseek)
    i.f_mount                                0x08003394   Section        0  ff.o(i.f_mount)
    i.f_open                                 0x080033f0   Section        0  ff.o(i.f_open)
    i.f_opendir                              0x08003554   Section        0  ff.o(i.f_opendir)
    i.f_read                                 0x080035c2   Section        0  ff.o(i.f_read)
    i.f_readdir                              0x08003762   Section        0  ff.o(i.f_readdir)
    i.f_sync                                 0x080037bc   Section        0  ff.o(i.f_sync)
    i.f_write                                0x0800386c   Section        0  ff.o(i.f_write)
    i.find_volume                            0x08003a44   Section        0  ff.o(i.find_volume)
    find_volume                              0x08003a45   Thumb Code   900  ff.o(i.find_volume)
    i.follow_path                            0x08003dd8   Section        0  ff.o(i.follow_path)
    follow_path                              0x08003dd9   Thumb Code   144  ff.o(i.follow_path)
    i.fputc                                  0x08003e68   Section        0  usart.o(i.fputc)
    i.get_disk_info                          0x08003e84   Section        0  fatfs.o(i.get_disk_info)
    i.get_fat                                0x08003fb4   Section        0  ff.o(i.get_fat)
    i.get_fileinfo                           0x080040a6   Section        0  ff.o(i.get_fileinfo)
    get_fileinfo                             0x080040a7   Thumb Code   110  ff.o(i.get_fileinfo)
    i.get_ldnumber                           0x08004114   Section        0  ff.o(i.get_ldnumber)
    get_ldnumber                             0x08004115   Thumb Code    72  ff.o(i.get_ldnumber)
    i.key_init                               0x0800415c   Section        0  key.o(i.key_init)
    i.key_on                                 0x0800419c   Section        0  key.o(i.key_on)
    i.keyboard_task                          0x080041f0   Section        0  fatfs.o(i.keyboard_task)
    i.ld_clust                               0x080045a0   Section        0  ff.o(i.ld_clust)
    ld_clust                                 0x080045a1   Thumb Code    32  ff.o(i.ld_clust)
    i.list_file                              0x080045c0   Section        0  fatfs.o(i.list_file)
    i.main                                   0x080047ac   Section        0  main.o(i.main)
    i.mem_cmp                                0x0800488c   Section        0  ff.o(i.mem_cmp)
    mem_cmp                                  0x0800488d   Thumb Code    38  ff.o(i.mem_cmp)
    i.mem_cpy                                0x080048b2   Section        0  ff.o(i.mem_cpy)
    mem_cpy                                  0x080048b3   Thumb Code    26  ff.o(i.mem_cpy)
    i.mem_set                                0x080048cc   Section        0  ff.o(i.mem_set)
    mem_set                                  0x080048cd   Thumb Code    20  ff.o(i.mem_set)
    i.move_window                            0x080048e0   Section        0  ff.o(i.move_window)
    move_window                              0x080048e1   Thumb Code    52  ff.o(i.move_window)
    i.oled_pow                               0x08004914   Section        0  oled.o(i.oled_pow)
    i.put_fat                                0x0800492a   Section        0  ff.o(i.put_fat)
    i.read_keyboard                          0x08004a6c   Section        0  key.o(i.read_keyboard)
    i.remove_chain                           0x08004b1c   Section        0  ff.o(i.remove_chain)
    remove_chain                             0x08004b1d   Thumb Code   108  ff.o(i.remove_chain)
    i.st_clust                               0x08004b88   Section        0  ff.o(i.st_clust)
    st_clust                                 0x08004b89   Thumb Code    16  ff.o(i.st_clust)
    i.sync_fs                                0x08004b98   Section        0  ff.o(i.sync_fs)
    sync_fs                                  0x08004b99   Thumb Code   200  ff.o(i.sync_fs)
    i.sync_window                            0x08004c60   Section        0  ff.o(i.sync_window)
    sync_window                              0x08004c61   Thumb Code    82  ff.o(i.sync_window)
    i.uart_init                              0x08004cb4   Section        0  usart.o(i.uart_init)
    i.validate                               0x08004d54   Section        0  ff.o(i.validate)
    validate                                 0x08004d55   Thumb Code    54  ff.o(i.validate)
    .constdata                               0x08004d8a   Section     2090  oled.o(.constdata)
    .constdata                               0x080055b4   Section    17308  vs10xx.o(.constdata)
    .constdata                               0x08009950   Section      108  fatfs.o(.constdata)
    .conststring                             0x080099bc   Section       71  fatfs.o(.conststring)
    .data                                    0x20000000   Section       20  system_stm32f10x.o(.data)
    .data                                    0x20000014   Section        4  delay.o(.data)
    fac_us                                   0x20000014   Data           1  delay.o(.data)
    fac_ms                                   0x20000016   Data           2  delay.o(.data)
    .data                                    0x20000018   Section        6  usart.o(.data)
    .data                                    0x2000001e   Section        5  key.o(.data)
    tmp_time                                 0x2000001f   Data           1  key.o(.data)
    tmp_key                                  0x20000020   Data           1  key.o(.data)
    key_long                                 0x20000021   Data           1  key.o(.data)
    key_state                                0x20000022   Data           1  key.o(.data)
    .data                                    0x20000023   Section       20  stm32f10x_rcc.o(.data)
    APBAHBPrescTable                         0x20000023   Data          16  stm32f10x_rcc.o(.data)
    ADCPrescTable                            0x20000033   Data           4  stm32f10x_rcc.o(.data)
    .data                                    0x20000038   Section       61  fatfs.o(.data)
    .data                                    0x20000078   Section        6  ff.o(.data)
    FatFs                                    0x20000078   Data           4  ff.o(.data)
    Fsid                                     0x2000007c   Data           2  ff.o(.data)
    .data                                    0x2000007e   Section        1  sdcard.o(.data)
    .bss                                     0x20000080   Section      200  usart.o(.bss)
    .bss                                     0x20000148   Section     2220  fatfs.o(.bss)
    STACK                                    0x200009f8   Section     1024  startup_stm32f10x_hd.o(STACK)

    Global Symbols

    Symbol Name                              Value     Ov Type        Size  Object(Section)

    BuildAttributes$$THM_ISAv4$P$D$K$B$S$PE$A:L22UL41UL21$X:L11$S22US41US21$IEEE1$IW$USESV6$~STKCKD$USESV7$~SHL$OTIME$ROPI$EBA8$MICROLIB$REQ8$PRES8$EABIv2 0x00000000   Number         0  anon$$obj.o ABSOLUTE
    __ARM_use_no_argv                        0x00000000   Number         0  main.o ABSOLUTE
    __use_no_errno                           0x00000000   Number         0  useno.o ABSOLUTE
    __use_no_exception_handling              0x00000000   Number         0  useno.o ABSOLUTE
    __use_no_fp                              0x00000000   Number         0  useno.o ABSOLUTE
    __use_no_heap                            0x00000000   Number         0  useno.o ABSOLUTE
    __use_no_heap_region                     0x00000000   Number         0  useno.o ABSOLUTE
    __use_no_semihosting                     0x00000000   Number         0  useno.o ABSOLUTE
    __use_no_semihosting_swi                 0x00000000   Number         0  useno.o ABSOLUTE
    __use_no_signal_handling                 0x00000000   Number         0  useno.o ABSOLUTE
    _printf_a                                0x00000000   Number         0  stubs.o ABSOLUTE
    _printf_c                                0x00000000   Number         0  stubs.o ABSOLUTE
    _printf_charcount                        0x00000000   Number         0  stubs.o ABSOLUTE
    _printf_d                                0x00000000   Number         0  stubs.o ABSOLUTE
    _printf_e                                0x00000000   Number         0  stubs.o ABSOLUTE
    _printf_f                                0x00000000   Number         0  stubs.o ABSOLUTE
    _printf_flags                            0x00000000   Number         0  stubs.o ABSOLUTE
    _printf_fp_dec                           0x00000000   Number         0  stubs.o ABSOLUTE
    _printf_fp_hex                           0x00000000   Number         0  stubs.o ABSOLUTE
    _printf_g                                0x00000000   Number         0  stubs.o ABSOLUTE
    _printf_i                                0x00000000   Number         0  stubs.o ABSOLUTE
    _printf_int_dec                          0x00000000   Number         0  stubs.o ABSOLUTE
    _printf_l                                0x00000000   Number         0  stubs.o ABSOLUTE
    _printf_lc                               0x00000000   Number         0  stubs.o ABSOLUTE
    _printf_ll                               0x00000000   Number         0  stubs.o ABSOLUTE
    _printf_lld                              0x00000000   Number         0  stubs.o ABSOLUTE
    _printf_lli                              0x00000000   Number         0  stubs.o ABSOLUTE
    _printf_llo                              0x00000000   Number         0  stubs.o ABSOLUTE
    _printf_llu                              0x00000000   Number         0  stubs.o ABSOLUTE
    _printf_llx                              0x00000000   Number         0  stubs.o ABSOLUTE
    _printf_longlong_dec                     0x00000000   Number         0  stubs.o ABSOLUTE
    _printf_longlong_hex                     0x00000000   Number         0  stubs.o ABSOLUTE
    _printf_longlong_oct                     0x00000000   Number         0  stubs.o ABSOLUTE
    _printf_ls                               0x00000000   Number         0  stubs.o ABSOLUTE
    _printf_mbtowc                           0x00000000   Number         0  stubs.o ABSOLUTE
    _printf_n                                0x00000000   Number         0  stubs.o ABSOLUTE
    _printf_o                                0x00000000   Number         0  stubs.o ABSOLUTE
    _printf_p                                0x00000000   Number         0  stubs.o ABSOLUTE
    _printf_percent                          0x00000000   Number         0  stubs.o ABSOLUTE
    _printf_pre_padding                      0x00000000   Number         0  stubs.o ABSOLUTE
    _printf_return_value                     0x00000000   Number         0  stubs.o ABSOLUTE
    _printf_s                                0x00000000   Number         0  stubs.o ABSOLUTE
    _printf_sizespec                         0x00000000   Number         0  stubs.o ABSOLUTE
    _printf_str                              0x00000000   Number         0  stubs.o ABSOLUTE
    _printf_truncate_signed                  0x00000000   Number         0  stubs.o ABSOLUTE
    _printf_truncate_unsigned                0x00000000   Number         0  stubs.o ABSOLUTE
    _printf_u                                0x00000000   Number         0  stubs.o ABSOLUTE
    _printf_wc                               0x00000000   Number         0  stubs.o ABSOLUTE
    _printf_wctomb                           0x00000000   Number         0  stubs.o ABSOLUTE
    _printf_widthprec                        0x00000000   Number         0  stubs.o ABSOLUTE
    _printf_x                                0x00000000   Number         0  stubs.o ABSOLUTE
    __cpp_initialize__aeabi_                  - Undefined Weak Reference
    __cxa_finalize                            - Undefined Weak Reference
    __decompress                              - Undefined Weak Reference
    _clock_init                               - Undefined Weak Reference
    _microlib_exit                            - Undefined Weak Reference
    __Vectors_Size                           0x00000130   Number         0  startup_stm32f10x_hd.o ABSOLUTE
    __Vectors                                0x08000000   Data           4  startup_stm32f10x_hd.o(RESET)
    __Vectors_End                            0x08000130   Data           0  startup_stm32f10x_hd.o(RESET)
    __main                                   0x08000131   Thumb Code     0  entry.o(.ARM.Collect$$$$00000000)
    _main_stk                                0x08000131   Thumb Code     0  entry2.o(.ARM.Collect$$$$00000001)
    _main_scatterload                        0x08000135   Thumb Code     0  entry5.o(.ARM.Collect$$$$00000004)
    __main_after_scatterload                 0x08000139   Thumb Code     0  entry5.o(.ARM.Collect$$$$00000004)
    _main_clock                              0x08000139   Thumb Code     0  entry7b.o(.ARM.Collect$$$$00000008)
    _main_cpp_init                           0x08000139   Thumb Code     0  entry8b.o(.ARM.Collect$$$$0000000A)
    _main_init                               0x08000139   Thumb Code     0  entry9a.o(.ARM.Collect$$$$0000000B)
    __rt_final_cpp                           0x08000141   Thumb Code     0  entry10a.o(.ARM.Collect$$$$0000000D)
    __rt_final_exit                          0x08000141   Thumb Code     0  entry11a.o(.ARM.Collect$$$$0000000F)
    Reset_Handler                            0x08000145   Thumb Code     8  startup_stm32f10x_hd.o(.text)
    ADC1_2_IRQHandler                        0x0800015f   Thumb Code     0  startup_stm32f10x_hd.o(.text)
    ADC3_IRQHandler                          0x0800015f   Thumb Code     0  startup_stm32f10x_hd.o(.text)
    CAN1_RX1_IRQHandler                      0x0800015f   Thumb Code     0  startup_stm32f10x_hd.o(.text)
    CAN1_SCE_IRQHandler                      0x0800015f   Thumb Code     0  startup_stm32f10x_hd.o(.text)
    DMA1_Channel1_IRQHandler                 0x0800015f   Thumb Code     0  startup_stm32f10x_hd.o(.text)
    DMA1_Channel2_IRQHandler                 0x0800015f   Thumb Code     0  startup_stm32f10x_hd.o(.text)
    DMA1_Channel3_IRQHandler                 0x0800015f   Thumb Code     0  startup_stm32f10x_hd.o(.text)
    DMA1_Channel4_IRQHandler                 0x0800015f   Thumb Code     0  startup_stm32f10x_hd.o(.text)
    DMA1_Channel5_IRQHandler                 0x0800015f   Thumb Code     0  startup_stm32f10x_hd.o(.text)
    DMA1_Channel6_IRQHandler                 0x0800015f   Thumb Code     0  startup_stm32f10x_hd.o(.text)
    DMA1_Channel7_IRQHandler                 0x0800015f   Thumb Code     0  startup_stm32f10x_hd.o(.text)
    DMA2_Channel1_IRQHandler                 0x0800015f   Thumb Code     0  startup_stm32f10x_hd.o(.text)
    DMA2_Channel2_IRQHandler                 0x0800015f   Thumb Code     0  startup_stm32f10x_hd.o(.text)
    DMA2_Channel3_IRQHandler                 0x0800015f   Thumb Code     0  startup_stm32f10x_hd.o(.text)
    DMA2_Channel4_5_IRQHandler               0x0800015f   Thumb Code     0  startup_stm32f10x_hd.o(.text)
    EXTI0_IRQHandler                         0x0800015f   Thumb Code     0  startup_stm32f10x_hd.o(.text)
    EXTI15_10_IRQHandler                     0x0800015f   Thumb Code     0  startup_stm32f10x_hd.o(.text)
    EXTI1_IRQHandler                         0x0800015f   Thumb Code     0  startup_stm32f10x_hd.o(.text)
    EXTI2_IRQHandler                         0x0800015f   Thumb Code     0  startup_stm32f10x_hd.o(.text)
    EXTI3_IRQHandler                         0x0800015f   Thumb Code     0  startup_stm32f10x_hd.o(.text)
    EXTI4_IRQHandler                         0x0800015f   Thumb Code     0  startup_stm32f10x_hd.o(.text)
    EXTI9_5_IRQHandler                       0x0800015f   Thumb Code     0  startup_stm32f10x_hd.o(.text)
    FLASH_IRQHandler                         0x0800015f   Thumb Code     0  startup_stm32f10x_hd.o(.text)
    FSMC_IRQHandler                          0x0800015f   Thumb Code     0  startup_stm32f10x_hd.o(.text)
    I2C1_ER_IRQHandler                       0x0800015f   Thumb Code     0  startup_stm32f10x_hd.o(.text)
    I2C1_EV_IRQHandler                       0x0800015f   Thumb Code     0  startup_stm32f10x_hd.o(.text)
    I2C2_ER_IRQHandler                       0x0800015f   Thumb Code     0  startup_stm32f10x_hd.o(.text)
    I2C2_EV_IRQHandler                       0x0800015f   Thumb Code     0  startup_stm32f10x_hd.o(.text)
    PVD_IRQHandler                           0x0800015f   Thumb Code     0  startup_stm32f10x_hd.o(.text)
    RCC_IRQHandler                           0x0800015f   Thumb Code     0  startup_stm32f10x_hd.o(.text)
    RTCAlarm_IRQHandler                      0x0800015f   Thumb Code     0  startup_stm32f10x_hd.o(.text)
    RTC_IRQHandler                           0x0800015f   Thumb Code     0  startup_stm32f10x_hd.o(.text)
    SDIO_IRQHandler                          0x0800015f   Thumb Code     0  startup_stm32f10x_hd.o(.text)
    SPI1_IRQHandler                          0x0800015f   Thumb Code     0  startup_stm32f10x_hd.o(.text)
    SPI2_IRQHandler                          0x0800015f   Thumb Code     0  startup_stm32f10x_hd.o(.text)
    SPI3_IRQHandler                          0x0800015f   Thumb Code     0  startup_stm32f10x_hd.o(.text)
    TAMPER_IRQHandler                        0x0800015f   Thumb Code     0  startup_stm32f10x_hd.o(.text)
    TIM1_BRK_IRQHandler                      0x0800015f   Thumb Code     0  startup_stm32f10x_hd.o(.text)
    TIM1_CC_IRQHandler                       0x0800015f   Thumb Code     0  startup_stm32f10x_hd.o(.text)
    TIM1_TRG_COM_IRQHandler                  0x0800015f   Thumb Code     0  startup_stm32f10x_hd.o(.text)
    TIM1_UP_IRQHandler                       0x0800015f   Thumb Code     0  startup_stm32f10x_hd.o(.text)
    TIM4_IRQHandler                          0x0800015f   Thumb Code     0  startup_stm32f10x_hd.o(.text)
    TIM5_IRQHandler                          0x0800015f   Thumb Code     0  startup_stm32f10x_hd.o(.text)
    TIM6_IRQHandler                          0x0800015f   Thumb Code     0  startup_stm32f10x_hd.o(.text)
    TIM7_IRQHandler                          0x0800015f   Thumb Code     0  startup_stm32f10x_hd.o(.text)
    TIM8_BRK_IRQHandler                      0x0800015f   Thumb Code     0  startup_stm32f10x_hd.o(.text)
    TIM8_CC_IRQHandler                       0x0800015f   Thumb Code     0  startup_stm32f10x_hd.o(.text)
    TIM8_TRG_COM_IRQHandler                  0x0800015f   Thumb Code     0  startup_stm32f10x_hd.o(.text)
    TIM8_UP_IRQHandler                       0x0800015f   Thumb Code     0  startup_stm32f10x_hd.o(.text)
    UART4_IRQHandler                         0x0800015f   Thumb Code     0  startup_stm32f10x_hd.o(.text)
    UART5_IRQHandler                         0x0800015f   Thumb Code     0  startup_stm32f10x_hd.o(.text)
    USART2_IRQHandler                        0x0800015f   Thumb Code     0  startup_stm32f10x_hd.o(.text)
    USART3_IRQHandler                        0x0800015f   Thumb Code     0  startup_stm32f10x_hd.o(.text)
    USBWakeUp_IRQHandler                     0x0800015f   Thumb Code     0  startup_stm32f10x_hd.o(.text)
    USB_HP_CAN1_TX_IRQHandler                0x0800015f   Thumb Code     0  startup_stm32f10x_hd.o(.text)
    USB_LP_CAN1_RX0_IRQHandler               0x0800015f   Thumb Code     0  startup_stm32f10x_hd.o(.text)
    WWDG_IRQHandler                          0x0800015f   Thumb Code     0  startup_stm32f10x_hd.o(.text)
    strcat                                   0x08000169   Thumb Code    24  strcat.o(.text)
    strstr                                   0x08000181   Thumb Code    36  strstr.o(.text)
    strlen                                   0x080001a5   Thumb Code    14  strlen.o(.text)
    strcpy                                   0x080001b3   Thumb Code    18  strcpy.o(.text)
    __aeabi_fadd                             0x080001c5   Thumb Code   164  fadd.o(.text)
    __aeabi_fsub                             0x08000269   Thumb Code     6  fadd.o(.text)
    __aeabi_frsub                            0x0800026f   Thumb Code     6  fadd.o(.text)
    __aeabi_fmul                             0x08000275   Thumb Code   100  fmul.o(.text)
    __aeabi_fdiv                             0x080002d9   Thumb Code   124  fdiv.o(.text)
    __aeabi_i2f                              0x08000355   Thumb Code    18  fflti.o(.text)
    __aeabi_ui2f                             0x08000367   Thumb Code    10  ffltui.o(.text)
    __aeabi_f2uiz                            0x08000371   Thumb Code    40  ffixui.o(.text)
    __aeabi_cfcmpeq                          0x08000399   Thumb Code     0  cfcmple.o(.text)
    __aeabi_cfcmple                          0x08000399   Thumb Code    20  cfcmple.o(.text)
    __aeabi_cfrcmple                         0x080003ad   Thumb Code    20  cfrcmple.o(.text)
    __aeabi_uidiv                            0x080003c1   Thumb Code     0  uidiv.o(.text)
    __aeabi_uidivmod                         0x080003c1   Thumb Code    44  uidiv.o(.text)
    __I$use$fp                               0x080003ed   Thumb Code     0  iusefp.o(.text)
    _float_round                             0x080003ed   Thumb Code    18  fepilogue.o(.text)
    _float_epilogue                          0x080003ff   Thumb Code    92  fepilogue.o(.text)
    __scatterload                            0x0800045d   Thumb Code    28  init.o(.text)
    __scatterload_rt2                        0x0800045d   Thumb Code     0  init.o(.text)
    BusFault_Handler                         0x08000481   Thumb Code     4  stm32f10x_it.o(i.BusFault_Handler)
    DebugMon_Handler                         0x08000485   Thumb Code     2  stm32f10x_it.o(i.DebugMon_Handler)
    FLASH_PrefetchBufferCmd                  0x08000489   Thumb Code    22  stm32f10x_flash.o(i.FLASH_PrefetchBufferCmd)
    FLASH_SetLatency                         0x080004a5   Thumb Code    18  stm32f10x_flash.o(i.FLASH_SetLatency)
    GPIO_Init                                0x080004bd   Thumb Code   278  stm32f10x_gpio.o(i.GPIO_Init)
    GPIO_ReadInputDataBit                    0x080005d3   Thumb Code    18  stm32f10x_gpio.o(i.GPIO_ReadInputDataBit)
    GPIO_ResetBits                           0x080005e5   Thumb Code     4  stm32f10x_gpio.o(i.GPIO_ResetBits)
    GPIO_SetBits                             0x080005e9   Thumb Code     4  stm32f10x_gpio.o(i.GPIO_SetBits)
    HardFault_Handler                        0x080005ed   Thumb Code     4  stm32f10x_it.o(i.HardFault_Handler)
    LED_GPIO_Config                          0x080005f1   Thumb Code    80  led.o(i.LED_GPIO_Config)
    Main_Player                              0x08000649   Thumb Code    68  fatfs.o(i.Main_Player)
    MemManage_Handler                        0x08000691   Thumb Code     4  stm32f10x_it.o(i.MemManage_Handler)
    NMI_Handler                              0x08000695   Thumb Code     2  stm32f10x_it.o(i.NMI_Handler)
    NVIC_Configuration                       0x08000697   Thumb Code    76  sys.o(i.NVIC_Configuration)
    NVIC_Init                                0x080006e5   Thumb Code   100  misc.o(i.NVIC_Init)
    NVIC_PriorityGroupConfig                 0x08000755   Thumb Code    10  misc.o(i.NVIC_PriorityGroupConfig)
    NVIC_SetVectorTable                      0x08000769   Thumb Code    12  misc.o(i.NVIC_SetVectorTable)
    OLED_Clear                               0x0800077d   Thumb Code    64  oled.o(i.OLED_Clear)
    OLED_DrawIcon                            0x080007bd   Thumb Code    52  oled.o(i.OLED_DrawIcon)
    OLED_DrawProcess                         0x080007f5   Thumb Code    54  oled.o(i.OLED_DrawProcess)
    OLED_Init                                0x0800082d   Thumb Code   296  oled.o(i.OLED_Init)
    OLED_MusicProcess                        0x08000959   Thumb Code    82  fatfs.o(i.OLED_MusicProcess)
    OLED_Set_Pos                             0x080009bd   Thumb Code    46  oled.o(i.OLED_Set_Pos)
    OLED_ShowChar                            0x080009ed   Thumb Code    78  oled.o(i.OLED_ShowChar)
    OLED_ShowNum                             0x08000a41   Thumb Code   132  oled.o(i.OLED_ShowNum)
    OLED_ShowString                          0x08000ac5   Thumb Code    54  oled.o(i.OLED_ShowString)
    OLED_WR_Byte                             0x08000afd   Thumb Code   122  oled.o(i.OLED_WR_Byte)
    PendSV_Handler                           0x08000b7d   Thumb Code     2  stm32f10x_it.o(i.PendSV_Handler)
    PrePare_File                             0x08000b81   Thumb Code   270  fatfs.o(i.PrePare_File)
    RCC_APB1PeriphClockCmd                   0x08000cc9   Thumb Code    26  stm32f10x_rcc.o(i.RCC_APB1PeriphClockCmd)
    RCC_APB2PeriphClockCmd                   0x08000ce9   Thumb Code    26  stm32f10x_rcc.o(i.RCC_APB2PeriphClockCmd)
    RCC_Configuration                        0x08000d09   Thumb Code   120  sys.o(i.RCC_Configuration)
    RCC_DeInit                               0x08000d81   Thumb Code    64  stm32f10x_rcc.o(i.RCC_DeInit)
    RCC_GetClocksFreq                        0x08000dcd   Thumb Code   192  stm32f10x_rcc.o(i.RCC_GetClocksFreq)
    RCC_GetFlagStatus                        0x08000ea1   Thumb Code    56  stm32f10x_rcc.o(i.RCC_GetFlagStatus)
    RCC_GetSYSCLKSource                      0x08000edd   Thumb Code    10  stm32f10x_rcc.o(i.RCC_GetSYSCLKSource)
    RCC_HCLKConfig                           0x08000eed   Thumb Code    18  stm32f10x_rcc.o(i.RCC_HCLKConfig)
    RCC_HSEConfig                            0x08000f05   Thumb Code    70  stm32f10x_rcc.o(i.RCC_HSEConfig)
    RCC_PCLK1Config                          0x08000f51   Thumb Code    18  stm32f10x_rcc.o(i.RCC_PCLK1Config)
    RCC_PCLK2Config                          0x08000f69   Thumb Code    20  stm32f10x_rcc.o(i.RCC_PCLK2Config)
    RCC_PLLCmd                               0x08000f81   Thumb Code     6  stm32f10x_rcc.o(i.RCC_PLLCmd)
    RCC_PLLConfig                            0x08000f8d   Thumb Code    24  stm32f10x_rcc.o(i.RCC_PLLConfig)
    RCC_SYSCLKConfig                         0x08000fa9   Thumb Code    18  stm32f10x_rcc.o(i.RCC_SYSCLKConfig)
    RCC_WaitForHSEStartUp                    0x08000fc1   Thumb Code    56  stm32f10x_rcc.o(i.RCC_WaitForHSEStartUp)
    SD_GetCSD                                0x08000ff9   Thumb Code    36  sdcard.o(i.SD_GetCSD)
    SD_GetCapacity                           0x0800101d   Thumb Code   170  sdcard.o(i.SD_GetCapacity)
    SD_GetResponse                           0x080010c7   Thumb Code    38  sdcard.o(i.SD_GetResponse)
    SD_IO_Init                               0x080010ed   Thumb Code   138  sdcard.o(i.SD_IO_Init)
    SD_Idle_Sta                              0x08001185   Thumb Code    74  sdcard.o(i.SD_Idle_Sta)
    SD_Init                                  0x080011d1   Thumb Code   438  sdcard.o(i.SD_Init)
    SD_ReadMultiBlock                        0x08001391   Thumb Code   110  sdcard.o(i.SD_ReadMultiBlock)
    SD_ReadSingleBlock                       0x08001409   Thumb Code    62  sdcard.o(i.SD_ReadSingleBlock)
    SD_ReceiveData                           0x0800144d   Thumb Code    84  sdcard.o(i.SD_ReceiveData)
    SD_SendCommand                           0x080014a5   Thumb Code   130  sdcard.o(i.SD_SendCommand)
    SD_SendCommand_NoDeassert                0x08001531   Thumb Code   104  sdcard.o(i.SD_SendCommand_NoDeassert)
    SD_WaitDataReady                         0x0800159d   Thumb Code    98  sdcard.o(i.SD_WaitDataReady)
    SD_WaitReady                             0x080015ff   Thumb Code    34  sdcard.o(i.SD_WaitReady)
    SD_WriteMultiBlock                       0x08001621   Thumb Code   214  sdcard.o(i.SD_WriteMultiBlock)
    SD_WriteSingleBlock                      0x08001701   Thumb Code   190  sdcard.o(i.SD_WriteSingleBlock)
    SPI_Cmd                                  0x080017c9   Thumb Code    24  stm32f10x_spi.o(i.SPI_Cmd)
    SPI_I2S_GetFlagStatus                    0x080017e1   Thumb Code    18  stm32f10x_spi.o(i.SPI_I2S_GetFlagStatus)
    SPI_I2S_ReceiveData                      0x080017f3   Thumb Code     6  stm32f10x_spi.o(i.SPI_I2S_ReceiveData)
    SPI_I2S_SendData                         0x080017f9   Thumb Code     4  stm32f10x_spi.o(i.SPI_I2S_SendData)
    SPI_Init                                 0x080017fd   Thumb Code    60  stm32f10x_spi.o(i.SPI_Init)
    SPI_ReadWriteByte                        0x08001839   Thumb Code    54  spi.o(i.SPI_ReadWriteByte)
    SPI_ReadWriteByte_SPI2                   0x08001875   Thumb Code    54  spi.o(i.SPI_ReadWriteByte_SPI2)
    SPI_SetSpeed_SPI1                        0x080018b1   Thumb Code   128  spi.o(i.SPI_SetSpeed_SPI1)
    SPI_SetSpeed_SPI2                        0x0800194d   Thumb Code   128  spi.o(i.SPI_SetSpeed_SPI2)
    SVC_Handler                              0x080019e9   Thumb Code     2  stm32f10x_it.o(i.SVC_Handler)
    Song_Player                              0x08001ad5   Thumb Code   218  fatfs.o(i.Song_Player)
    SysTick_CLKSourceConfig                  0x08001bf1   Thumb Code    40  misc.o(i.SysTick_CLKSourceConfig)
    SysTick_Handler                          0x08001c19   Thumb Code     2  stm32f10x_it.o(i.SysTick_Handler)
    SystemInit                               0x08001c1d   Thumb Code    78  system_stm32f10x.o(i.SystemInit)
    TIM2_IRQHandler                          0x08001c7d   Thumb Code    16  stm32f10x_it.o(i.TIM2_IRQHandler)
    TIM3_IRQHandler                          0x08001c8d   Thumb Code    16  stm32f10x_it.o(i.TIM3_IRQHandler)
    TIM_ClearFlag                            0x08001ca1   Thumb Code     6  stm32f10x_tim.o(i.TIM_ClearFlag)
    TIM_ClearITPendingBit                    0x08001ca7   Thumb Code     6  stm32f10x_tim.o(i.TIM_ClearITPendingBit)
    TIM_Cmd                                  0x08001cad   Thumb Code    24  stm32f10x_tim.o(i.TIM_Cmd)
    TIM_Configuration                        0x08001cc5   Thumb Code   190  sys.o(i.TIM_Configuration)
    TIM_ITConfig                             0x08001d89   Thumb Code    18  stm32f10x_tim.o(i.TIM_ITConfig)
    TIM_OC1Init                              0x08001d9d   Thumb Code   132  stm32f10x_tim.o(i.TIM_OC1Init)
    TIM_OC2Init                              0x08001e35   Thumb Code   154  stm32f10x_tim.o(i.TIM_OC2Init)
    TIM_PrescalerConfig                      0x08001ed9   Thumb Code     6  stm32f10x_tim.o(i.TIM_PrescalerConfig)
    TIM_TimeBaseInit                         0x08001ee1   Thumb Code   122  stm32f10x_tim.o(i.TIM_TimeBaseInit)
    USART1_IRQHandler                        0x08001f85   Thumb Code   122  usart.o(i.USART1_IRQHandler)
    USART_Cmd                                0x0800200d   Thumb Code    24  stm32f10x_usart.o(i.USART_Cmd)
    USART_GetITStatus                        0x08002025   Thumb Code    84  stm32f10x_usart.o(i.USART_GetITStatus)
    USART_ITConfig                           0x08002079   Thumb Code    74  stm32f10x_usart.o(i.USART_ITConfig)
    USART_Init                               0x080020c5   Thumb Code   210  stm32f10x_usart.o(i.USART_Init)
    USART_ReceiveData                        0x0800219d   Thumb Code    10  stm32f10x_usart.o(i.USART_ReceiveData)
    UsageFault_Handler                       0x080021a7   Thumb Code     4  stm32f10x_it.o(i.UsageFault_Handler)
    VS_IO_INIT                               0x080021ad   Thumb Code   212  vs10xx.o(i.VS_IO_INIT)
    VS_Init                                  0x0800228d   Thumb Code   168  vs10xx.o(i.VS_Init)
    VS_LoadUserCode                          0x08002341   Thumb Code   112  vs10xx.o(i.VS_LoadUserCode)
    VS_RD_Reg                                0x080023b1   Thumb Code    78  vs10xx.o(i.VS_RD_Reg)
    VS_ST_Reset                              0x0800240d   Thumb Code    52  vs10xx.o(i.VS_ST_Reset)
    VS_WR_Cmd                                0x08002449   Thumb Code    76  vs10xx.o(i.VS_WR_Cmd)
    WR_Conf_File                             0x080024a1   Thumb Code   194  fatfs.o(i.WR_Conf_File)
    __0printf$6                              0x0800259d   Thumb Code    22  printf6.o(i.__0printf$6)
    __1printf$6                              0x0800259d   Thumb Code     0  printf6.o(i.__0printf$6)
    __2printf                                0x0800259d   Thumb Code     0  printf6.o(i.__0printf$6)
    __scatterload_copy                       0x080025bd   Thumb Code    14  handlers.o(i.__scatterload_copy)
    __scatterload_null                       0x080025cb   Thumb Code     2  handlers.o(i.__scatterload_null)
    __scatterload_zeroinit                   0x080025cd   Thumb Code    14  handlers.o(i.__scatterload_zeroinit)
    clust2sect                               0x080029c5   Thumb Code    26  ff.o(i.clust2sect)
    delay_init                               0x08002c0d   Thumb Code    50  delay.o(i.delay_init)
    delay_ms                                 0x08002c51   Thumb Code    72  delay.o(i.delay_ms)
    delay_us                                 0x08002c9d   Thumb Code    72  delay.o(i.delay_us)
    disk_initialize                          0x08002ff9   Thumb Code    32  diskio.o(i.disk_initialize)
    disk_ioctl                               0x08003019   Thumb Code    86  diskio.o(i.disk_ioctl)
    disk_read                                0x08003075   Thumb Code    60  diskio.o(i.disk_read)
    disk_status                              0x080030b1   Thumb Code     6  diskio.o(i.disk_status)
    disk_write                               0x080030b7   Thumb Code    60  diskio.o(i.disk_write)
    f_close                                  0x080030f3   Thumb Code    32  ff.o(i.f_close)
    f_getfree                                0x08003113   Thumb Code   258  ff.o(i.f_getfree)
    f_lseek                                  0x08003215   Thumb Code   382  ff.o(i.f_lseek)
    f_mount                                  0x08003395   Thumb Code    86  ff.o(i.f_mount)
    f_open                                   0x080033f1   Thumb Code   352  ff.o(i.f_open)
    f_opendir                                0x08003555   Thumb Code   110  ff.o(i.f_opendir)
    f_read                                   0x080035c3   Thumb Code   416  ff.o(i.f_read)
    f_readdir                                0x08003763   Thumb Code    88  ff.o(i.f_readdir)
    f_sync                                   0x080037bd   Thumb Code   172  ff.o(i.f_sync)
    f_write                                  0x0800386d   Thumb Code   472  ff.o(i.f_write)
    fputc                                    0x08003e69   Thumb Code    24  usart.o(i.fputc)
    get_disk_info                            0x08003e85   Thumb Code   178  fatfs.o(i.get_disk_info)
    get_fat                                  0x08003fb5   Thumb Code   242  ff.o(i.get_fat)
    key_init                                 0x0800415d   Thumb Code    56  key.o(i.key_init)
    key_on                                   0x0800419d   Thumb Code    76  key.o(i.key_on)
    keyboard_task                            0x080041f1   Thumb Code   866  fatfs.o(i.keyboard_task)
    list_file                                0x080045c1   Thumb Code   308  fatfs.o(i.list_file)
    main                                     0x080047ad   Thumb Code   144  main.o(i.main)
    oled_pow                                 0x08004915   Thumb Code    22  oled.o(i.oled_pow)
    put_fat                                  0x0800492b   Thumb Code   322  ff.o(i.put_fat)
    read_keyboard                            0x08004a6d   Thumb Code   156  key.o(i.read_keyboard)
    uart_init                                0x08004cb5   Thumb Code   152  usart.o(i.uart_init)
    F6x8                                     0x08004d8a   Data         552  oled.o(.constdata)
    F8X16                                    0x08004fb2   Data        1520  oled.o(.constdata)
    Icon                                     0x080055a2   Data          18  oled.o(.constdata)
    wav_plugin                               0x080055b4   Data          80  vs10xx.o(.constdata)
    player_plugin                            0x08005604   Data       17164  vs10xx.o(.constdata)
    bitrate                                  0x08009910   Data          64  vs10xx.o(.constdata)
    Bass_Buffer                              0x08009950   Data          12  fatfs.o(.constdata)
    Volume_Buf                               0x0800995c   Data          36  fatfs.o(.constdata)
    RIFFHeader0                              0x08009980   Data          52  fatfs.o(.constdata)
    RIFFHeader504                            0x080099b4   Data           8  fatfs.o(.constdata)
    Region$$Table$$Base                      0x08009a04   Number         0  anon$$obj.o(Region$$Table)
    Region$$Table$$Limit                     0x08009a24   Number         0  anon$$obj.o(Region$$Table)
    SystemCoreClock                          0x20000000   Data           4  system_stm32f10x.o(.data)
    AHBPrescTable                            0x20000004   Data          16  system_stm32f10x.o(.data)
    __stdout                                 0x20000018   Data           4  usart.o(.data)
    USART_RX_STA                             0x2000001c   Data           2  usart.o(.data)
    key_value                                0x2000001e   Data           1  key.o(.data)
    MUSIC_state                              0x20000038   Data           1  fatfs.o(.data)
    play_state                               0x20000039   Data           1  fatfs.o(.data)
    SongPlayedNum                            0x2000003a   Data           2  fatfs.o(.data)
    temp                                     0x2000003c   Data           2  fatfs.o(.data)
    sysfun                                   0x2000003e   Data           2  fatfs.o(.data)
    string_bass                              0x20000040   Data          12  fatfs.o(.data)
    format                                   0x2000004c   Data          24  fatfs.o(.data)
    volume                                   0x20000064   Data           1  fatfs.o(.data)
    now_process                              0x20000068   Data           4  fatfs.o(.data)
    br                                       0x2000006c   Data           4  fatfs.o(.data)
    bw                                       0x20000070   Data           4  fatfs.o(.data)
    res                                      0x20000074   Data           1  fatfs.o(.data)
    SD_Type                                  0x2000007e   Data           1  sdcard.o(.data)
    USART_RX_BUF                             0x20000080   Data         200  usart.o(.bss)
    fs                                       0x20000148   Data         560  fatfs.o(.bss)
    fsrc                                     0x20000378   Data         548  fatfs.o(.bss)
    fdst                                     0x2000059c   Data         548  fatfs.o(.bss)
    buffer                                   0x200007c0   Data         512  fatfs.o(.bss)
    dirs                                     0x200009c0   Data          28  fatfs.o(.bss)
    finfo                                    0x200009dc   Data          24  fatfs.o(.bss)
    __initial_sp                             0x20000df8   Data           0  startup_stm32f10x_hd.o(STACK)



==============================================================================

Memory Map of the image

  Image Entry point : 0x08000131

  Load Region LR_IROM1 (Base: 0x08000000, Size: 0x00009aa4, Max: 0x00020000, ABSOLUTE)

    Execution Region ER_IROM1 (Base: 0x08000000, Size: 0x00009a24, Max: 0x00020000, ABSOLUTE)

    Base Addr    Size         Type   Attr      Idx    E Section Name        Object

    0x08000000   0x00000130   Data   RO          608    RESET               startup_stm32f10x_hd.o
    0x08000130   0x00000000   Code   RO         4174  * .ARM.Collect$$$$00000000  mc_w.l(entry.o)
    0x08000130   0x00000004   Code   RO         4464    .ARM.Collect$$$$00000001  mc_w.l(entry2.o)
    0x08000134   0x00000004   Code   RO         4467    .ARM.Collect$$$$00000004  mc_w.l(entry5.o)
    0x08000138   0x00000000   Code   RO         4469    .ARM.Collect$$$$00000008  mc_w.l(entry7b.o)
    0x08000138   0x00000000   Code   RO         4471    .ARM.Collect$$$$0000000A  mc_w.l(entry8b.o)
    0x08000138   0x00000008   Code   RO         4472    .ARM.Collect$$$$0000000B  mc_w.l(entry9a.o)
    0x08000140   0x00000000   Code   RO         4474    .ARM.Collect$$$$0000000D  mc_w.l(entry10a.o)
    0x08000140   0x00000000   Code   RO         4476    .ARM.Collect$$$$0000000F  mc_w.l(entry11a.o)
    0x08000140   0x00000004   Code   RO         4465    .ARM.Collect$$$$00002712  mc_w.l(entry2.o)
    0x08000144   0x00000024   Code   RO          609    .text               startup_stm32f10x_hd.o
    0x08000168   0x00000018   Code   RO         4179    .text               mc_w.l(strcat.o)
    0x08000180   0x00000024   Code   RO         4181    .text               mc_w.l(strstr.o)
    0x080001a4   0x0000000e   Code   RO         4183    .text               mc_w.l(strlen.o)
    0x080001b2   0x00000012   Code   RO         4185    .text               mc_w.l(strcpy.o)
    0x080001c4   0x000000b0   Code   RO         4448    .text               mf_w.l(fadd.o)
    0x08000274   0x00000064   Code   RO         4450    .text               mf_w.l(fmul.o)
    0x080002d8   0x0000007c   Code   RO         4452    .text               mf_w.l(fdiv.o)
    0x08000354   0x00000012   Code   RO         4454    .text               mf_w.l(fflti.o)
    0x08000366   0x0000000a   Code   RO         4456    .text               mf_w.l(ffltui.o)
    0x08000370   0x00000028   Code   RO         4458    .text               mf_w.l(ffixui.o)
    0x08000398   0x00000014   Code   RO         4460    .text               mf_w.l(cfcmple.o)
    0x080003ac   0x00000014   Code   RO         4462    .text               mf_w.l(cfrcmple.o)
    0x080003c0   0x0000002c   Code   RO         4478    .text               mc_w.l(uidiv.o)
    0x080003ec   0x00000000   Code   RO         4482    .text               mc_w.l(iusefp.o)
    0x080003ec   0x0000006e   Code   RO         4483    .text               mf_w.l(fepilogue.o)
    0x0800045a   0x00000002   PAD
    0x0800045c   0x00000024   Code   RO         4495    .text               mc_w.l(init.o)
    0x08000480   0x00000004   Code   RO          117    i.BusFault_Handler  stm32f10x_it.o
    0x08000484   0x00000002   Code   RO          118    i.DebugMon_Handler  stm32f10x_it.o
    0x08000486   0x00000002   PAD
    0x08000488   0x0000001c   Code   RO         1999    i.FLASH_PrefetchBufferCmd  stm32f10x_flash.o
    0x080004a4   0x00000018   Code   RO         2004    i.FLASH_SetLatency  stm32f10x_flash.o
    0x080004bc   0x00000116   Code   RO          655    i.GPIO_Init         stm32f10x_gpio.o
    0x080005d2   0x00000012   Code   RO          659    i.GPIO_ReadInputDataBit  stm32f10x_gpio.o
    0x080005e4   0x00000004   Code   RO          662    i.GPIO_ResetBits    stm32f10x_gpio.o
    0x080005e8   0x00000004   Code   RO          663    i.GPIO_SetBits      stm32f10x_gpio.o
    0x080005ec   0x00000004   Code   RO          119    i.HardFault_Handler  stm32f10x_it.o
    0x080005f0   0x00000058   Code   RO          349    i.LED_GPIO_Config   led.o
    0x08000648   0x00000048   Code   RO         3661    i.Main_Player       fatfs.o
    0x08000690   0x00000004   Code   RO          120    i.MemManage_Handler  stm32f10x_it.o
    0x08000694   0x00000002   Code   RO          121    i.NMI_Handler       stm32f10x_it.o
    0x08000696   0x0000004c   Code   RO          473    i.NVIC_Configuration  sys.o
    0x080006e2   0x00000002   PAD
    0x080006e4   0x00000070   Code   RO          613    i.NVIC_Init         misc.o
    0x08000754   0x00000014   Code   RO          614    i.NVIC_PriorityGroupConfig  misc.o
    0x08000768   0x00000014   Code   RO          615    i.NVIC_SetVectorTable  misc.o
    0x0800077c   0x00000040   Code   RO          252    i.OLED_Clear        oled.o
    0x080007bc   0x00000038   Code   RO          256    i.OLED_DrawIcon     oled.o
    0x080007f4   0x00000036   Code   RO          257    i.OLED_DrawProcess  oled.o
    0x0800082a   0x00000002   PAD
    0x0800082c   0x0000012c   Code   RO          258    i.OLED_Init         oled.o
    0x08000958   0x00000064   Code   RO         3662    i.OLED_MusicProcess  fatfs.o
    0x080009bc   0x0000002e   Code   RO          259    i.OLED_Set_Pos      oled.o
    0x080009ea   0x00000002   PAD
    0x080009ec   0x00000054   Code   RO          261    i.OLED_ShowChar     oled.o
    0x08000a40   0x00000084   Code   RO          262    i.OLED_ShowNum      oled.o
    0x08000ac4   0x00000036   Code   RO          263    i.OLED_ShowString   oled.o
    0x08000afa   0x00000002   PAD
    0x08000afc   0x00000080   Code   RO          264    i.OLED_WR_Byte      oled.o
    0x08000b7c   0x00000002   Code   RO          122    i.PendSV_Handler    stm32f10x_it.o
    0x08000b7e   0x00000002   PAD
    0x08000b80   0x00000148   Code   RO         3664    i.PrePare_File      fatfs.o
    0x08000cc8   0x00000020   Code   RO          765    i.RCC_APB1PeriphClockCmd  stm32f10x_rcc.o
    0x08000ce8   0x00000020   Code   RO          767    i.RCC_APB2PeriphClockCmd  stm32f10x_rcc.o
    0x08000d08   0x00000078   Code   RO          474    i.RCC_Configuration  sys.o
    0x08000d80   0x0000004c   Code   RO          774    i.RCC_DeInit        stm32f10x_rcc.o
    0x08000dcc   0x000000d4   Code   RO          775    i.RCC_GetClocksFreq  stm32f10x_rcc.o
    0x08000ea0   0x0000003c   Code   RO          776    i.RCC_GetFlagStatus  stm32f10x_rcc.o
    0x08000edc   0x00000010   Code   RO          778    i.RCC_GetSYSCLKSource  stm32f10x_rcc.o
    0x08000eec   0x00000018   Code   RO          779    i.RCC_HCLKConfig    stm32f10x_rcc.o
    0x08000f04   0x0000004c   Code   RO          780    i.RCC_HSEConfig     stm32f10x_rcc.o
    0x08000f50   0x00000018   Code   RO          786    i.RCC_PCLK1Config   stm32f10x_rcc.o
    0x08000f68   0x00000018   Code   RO          787    i.RCC_PCLK2Config   stm32f10x_rcc.o
    0x08000f80   0x0000000c   Code   RO          788    i.RCC_PLLCmd        stm32f10x_rcc.o
    0x08000f8c   0x0000001c   Code   RO          789    i.RCC_PLLConfig     stm32f10x_rcc.o
    0x08000fa8   0x00000018   Code   RO          792    i.RCC_SYSCLKConfig  stm32f10x_rcc.o
    0x08000fc0   0x00000038   Code   RO          794    i.RCC_WaitForHSEStartUp  stm32f10x_rcc.o
    0x08000ff8   0x00000024   Code   RO         4054    i.SD_GetCSD         sdcard.o
    0x0800101c   0x000000aa   Code   RO         4055    i.SD_GetCapacity    sdcard.o
    0x080010c6   0x00000026   Code   RO         4056    i.SD_GetResponse    sdcard.o
    0x080010ec   0x00000098   Code   RO         4057    i.SD_IO_Init        sdcard.o
    0x08001184   0x0000004a   Code   RO         4058    i.SD_Idle_Sta       sdcard.o
    0x080011ce   0x00000002   PAD
    0x080011d0   0x000001c0   Code   RO         4059    i.SD_Init           sdcard.o
    0x08001390   0x00000078   Code   RO         4060    i.SD_ReadMultiBlock  sdcard.o
    0x08001408   0x00000044   Code   RO         4061    i.SD_ReadSingleBlock  sdcard.o
    0x0800144c   0x00000058   Code   RO         4063    i.SD_ReceiveData    sdcard.o
    0x080014a4   0x0000008c   Code   RO         4064    i.SD_SendCommand    sdcard.o
    0x08001530   0x0000006c   Code   RO         4065    i.SD_SendCommand_NoDeassert  sdcard.o
    0x0800159c   0x00000062   Code   RO         4066    i.SD_WaitDataReady  sdcard.o
    0x080015fe   0x00000022   Code   RO         4067    i.SD_WaitReady      sdcard.o
    0x08001620   0x000000e0   Code   RO         4068    i.SD_WriteMultiBlock  sdcard.o
    0x08001700   0x000000c8   Code   RO         4069    i.SD_WriteSingleBlock  sdcard.o
    0x080017c8   0x00000018   Code   RO         2881    i.SPI_Cmd           stm32f10x_spi.o
    0x080017e0   0x00000012   Code   RO         2889    i.SPI_I2S_GetFlagStatus  stm32f10x_spi.o
    0x080017f2   0x00000006   Code   RO         2892    i.SPI_I2S_ReceiveData  stm32f10x_spi.o
    0x080017f8   0x00000004   Code   RO         2893    i.SPI_I2S_SendData  stm32f10x_spi.o
    0x080017fc   0x0000003c   Code   RO         2894    i.SPI_Init          stm32f10x_spi.o
    0x08001838   0x0000003c   Code   RO          538    i.SPI_ReadWriteByte  spi.o
    0x08001874   0x0000003c   Code   RO          539    i.SPI_ReadWriteByte_SPI2  spi.o
    0x080018b0   0x0000009c   Code   RO          540    i.SPI_SetSpeed_SPI1  spi.o
    0x0800194c   0x0000009c   Code   RO          541    i.SPI_SetSpeed_SPI2  spi.o
    0x080019e8   0x00000002   Code   RO          123    i.SVC_Handler       stm32f10x_it.o
    0x080019ea   0x00000008   Code   RO          218    i.SetSysClock       system_stm32f10x.o
    0x080019f2   0x00000002   PAD
    0x080019f4   0x000000e0   Code   RO          219    i.SetSysClockTo72   system_stm32f10x.o
    0x08001ad4   0x0000011c   Code   RO         3665    i.Song_Player       fatfs.o
    0x08001bf0   0x00000028   Code   RO          617    i.SysTick_CLKSourceConfig  misc.o
    0x08001c18   0x00000002   Code   RO          124    i.SysTick_Handler   stm32f10x_it.o
    0x08001c1a   0x00000002   PAD
    0x08001c1c   0x00000060   Code   RO          221    i.SystemInit        system_stm32f10x.o
    0x08001c7c   0x00000010   Code   RO          125    i.TIM2_IRQHandler   stm32f10x_it.o
    0x08001c8c   0x00000014   Code   RO          126    i.TIM3_IRQHandler   stm32f10x_it.o
    0x08001ca0   0x00000006   Code   RO         3030    i.TIM_ClearFlag     stm32f10x_tim.o
    0x08001ca6   0x00000006   Code   RO         3031    i.TIM_ClearITPendingBit  stm32f10x_tim.o
    0x08001cac   0x00000018   Code   RO         3036    i.TIM_Cmd           stm32f10x_tim.o
    0x08001cc4   0x000000c4   Code   RO          475    i.TIM_Configuration  sys.o
    0x08001d88   0x00000012   Code   RO         3061    i.TIM_ITConfig      stm32f10x_tim.o
    0x08001d9a   0x00000002   PAD
    0x08001d9c   0x00000098   Code   RO         3065    i.TIM_OC1Init       stm32f10x_tim.o
    0x08001e34   0x000000a4   Code   RO         3070    i.TIM_OC2Init       stm32f10x_tim.o
    0x08001ed8   0x00000006   Code   RO         3085    i.TIM_PrescalerConfig  stm32f10x_tim.o
    0x08001ede   0x00000002   PAD
    0x08001ee0   0x000000a4   Code   RO         3107    i.TIM_TimeBaseInit  stm32f10x_tim.o
    0x08001f84   0x00000088   Code   RO          497    i.USART1_IRQHandler  usart.o
    0x0800200c   0x00000018   Code   RO          967    i.USART_Cmd         stm32f10x_usart.o
    0x08002024   0x00000054   Code   RO          971    i.USART_GetITStatus  stm32f10x_usart.o
    0x08002078   0x0000004a   Code   RO          973    i.USART_ITConfig    stm32f10x_usart.o
    0x080020c2   0x00000002   PAD
    0x080020c4   0x000000d8   Code   RO          974    i.USART_Init        stm32f10x_usart.o
    0x0800219c   0x0000000a   Code   RO          981    i.USART_ReceiveData  stm32f10x_usart.o
    0x080021a6   0x00000004   Code   RO          127    i.UsageFault_Handler  stm32f10x_it.o
    0x080021aa   0x00000002   PAD
    0x080021ac   0x000000e0   Code   RO          391    i.VS_IO_INIT        vs10xx.o
    0x0800228c   0x000000b4   Code   RO          392    i.VS_Init           vs10xx.o
    0x08002340   0x00000070   Code   RO          393    i.VS_LoadUserCode   vs10xx.o
    0x080023b0   0x0000005c   Code   RO          394    i.VS_RD_Reg         vs10xx.o
    0x0800240c   0x0000003c   Code   RO          396    i.VS_ST_Reset       vs10xx.o
    0x08002448   0x00000058   Code   RO          397    i.VS_WR_Cmd         vs10xx.o
    0x080024a0   0x000000fc   Code   RO         3667    i.WR_Conf_File      fatfs.o
    0x0800259c   0x00000020   Code   RO         4342    i.__0printf$6       mc_w.l(printf6.o)
    0x080025bc   0x0000000e   Code   RO         4507    i.__scatterload_copy  mc_w.l(handlers.o)
    0x080025ca   0x00000002   Code   RO         4508    i.__scatterload_null  mc_w.l(handlers.o)
    0x080025cc   0x0000000e   Code   RO         4509    i.__scatterload_zeroinit  mc_w.l(handlers.o)
    0x080025da   0x00000002   PAD
    0x080025dc   0x000002f0   Code   RO         4349    i._printf_core      mc_w.l(printf6.o)
    0x080028cc   0x00000024   Code   RO         4350    i._printf_post_padding  mc_w.l(printf6.o)
    0x080028f0   0x0000002e   Code   RO         4351    i._printf_pre_padding  mc_w.l(printf6.o)
    0x0800291e   0x00000002   PAD
    0x08002920   0x00000090   Code   RO         3785    i.check_fs          ff.o
    0x080029b0   0x00000014   Code   RO         3786    i.chk_chr           ff.o
    0x080029c4   0x0000001a   Code   RO         3787    i.clust2sect        ff.o
    0x080029de   0x000000d6   Code   RO         3788    i.create_chain      ff.o
    0x08002ab4   0x00000158   Code   RO         3789    i.create_name       ff.o
    0x08002c0c   0x00000044   Code   RO          361    i.delay_init        delay.o
    0x08002c50   0x0000004c   Code   RO          362    i.delay_ms          delay.o
    0x08002c9c   0x0000004c   Code   RO          363    i.delay_us          delay.o
    0x08002ce8   0x0000005c   Code   RO         3790    i.dir_alloc         ff.o
    0x08002d44   0x0000005c   Code   RO         3791    i.dir_find          ff.o
    0x08002da0   0x0000010e   Code   RO         3792    i.dir_next          ff.o
    0x08002eae   0x00000072   Code   RO         3793    i.dir_read          ff.o
    0x08002f20   0x0000003a   Code   RO         3794    i.dir_register      ff.o
    0x08002f5a   0x0000009e   Code   RO         3796    i.dir_sdi           ff.o
    0x08002ff8   0x00000020   Code   RO         3625    i.disk_initialize   diskio.o
    0x08003018   0x0000005c   Code   RO         3626    i.disk_ioctl        diskio.o
    0x08003074   0x0000003c   Code   RO         3627    i.disk_read         diskio.o
    0x080030b0   0x00000006   Code   RO         3628    i.disk_status       diskio.o
    0x080030b6   0x0000003c   Code   RO         3629    i.disk_write        diskio.o
    0x080030f2   0x00000020   Code   RO         3798    i.f_close           ff.o
    0x08003112   0x00000102   Code   RO         3800    i.f_getfree         ff.o
    0x08003214   0x0000017e   Code   RO         3801    i.f_lseek           ff.o
    0x08003392   0x00000002   PAD
    0x08003394   0x0000005c   Code   RO         3804    i.f_mount           ff.o
    0x080033f0   0x00000164   Code   RO         3805    i.f_open            ff.o
    0x08003554   0x0000006e   Code   RO         3806    i.f_opendir         ff.o
    0x080035c2   0x000001a0   Code   RO         3807    i.f_read            ff.o
    0x08003762   0x00000058   Code   RO         3808    i.f_readdir         ff.o
    0x080037ba   0x00000002   PAD
    0x080037bc   0x000000b0   Code   RO         3811    i.f_sync            ff.o
    0x0800386c   0x000001d8   Code   RO         3815    i.f_write           ff.o
    0x08003a44   0x00000394   Code   RO         3816    i.find_volume       ff.o
    0x08003dd8   0x00000090   Code   RO         3817    i.follow_path       ff.o
    0x08003e68   0x0000001c   Code   RO          499    i.fputc             usart.o
    0x08003e84   0x00000130   Code   RO         3674    i.get_disk_info     fatfs.o
    0x08003fb4   0x000000f2   Code   RO         3818    i.get_fat           ff.o
    0x080040a6   0x0000006e   Code   RO         3819    i.get_fileinfo      ff.o
    0x08004114   0x00000048   Code   RO         3820    i.get_ldnumber      ff.o
    0x0800415c   0x00000040   Code   RO          568    i.key_init          key.o
    0x0800419c   0x00000054   Code   RO          569    i.key_on            key.o
    0x080041f0   0x000003b0   Code   RO         3675    i.keyboard_task     fatfs.o
    0x080045a0   0x00000020   Code   RO         3821    i.ld_clust          ff.o
    0x080045c0   0x000001ec   Code   RO         3676    i.list_file         fatfs.o
    0x080047ac   0x000000e0   Code   RO            1    i.main              main.o
    0x0800488c   0x00000026   Code   RO         3822    i.mem_cmp           ff.o
    0x080048b2   0x0000001a   Code   RO         3823    i.mem_cpy           ff.o
    0x080048cc   0x00000014   Code   RO         3824    i.mem_set           ff.o
    0x080048e0   0x00000034   Code   RO         3825    i.move_window       ff.o
    0x08004914   0x00000016   Code   RO          265    i.oled_pow          oled.o
    0x0800492a   0x00000142   Code   RO         3826    i.put_fat           ff.o
    0x08004a6c   0x000000b0   Code   RO          570    i.read_keyboard     key.o
    0x08004b1c   0x0000006c   Code   RO         3827    i.remove_chain      ff.o
    0x08004b88   0x00000010   Code   RO         3828    i.st_clust          ff.o
    0x08004b98   0x000000c8   Code   RO         3829    i.sync_fs           ff.o
    0x08004c60   0x00000052   Code   RO         3830    i.sync_window       ff.o
    0x08004cb2   0x00000002   PAD
    0x08004cb4   0x000000a0   Code   RO          500    i.uart_init         usart.o
    0x08004d54   0x00000036   Code   RO         3831    i.validate          ff.o
    0x08004d8a   0x0000082a   Data   RO          266    .constdata          oled.o
    0x080055b4   0x0000439c   Data   RO          399    .constdata          vs10xx.o
    0x08009950   0x0000006c   Data   RO         3680    .constdata          fatfs.o
    0x080099bc   0x00000047   Data   RO         3681    .conststring        fatfs.o
    0x08009a03   0x00000001   PAD
    0x08009a04   0x00000020   Data   RO         4505    Region$$Table       anon$$obj.o


    Execution Region RW_IRAM1 (Base: 0x20000000, Size: 0x00000df8, Max: 0x00005000, ABSOLUTE)

    Base Addr    Size         Type   Attr      Idx    E Section Name        Object

    0x20000000   0x00000014   Data   RW          222    .data               system_stm32f10x.o
    0x20000014   0x00000004   Data   RW          364    .data               delay.o
    0x20000018   0x00000006   Data   RW          502    .data               usart.o
    0x2000001e   0x00000005   Data   RW          571    .data               key.o
    0x20000023   0x00000014   Data   RW          795    .data               stm32f10x_rcc.o
    0x20000037   0x00000001   PAD
    0x20000038   0x0000003d   Data   RW         3682    .data               fatfs.o
    0x20000075   0x00000003   PAD
    0x20000078   0x00000006   Data   RW         3833    .data               ff.o
    0x2000007e   0x00000001   Data   RW         4070    .data               sdcard.o
    0x2000007f   0x00000001   PAD
    0x20000080   0x000000c8   Zero   RW          501    .bss                usart.o
    0x20000148   0x000008ac   Zero   RW         3679    .bss                fatfs.o
    0x200009f4   0x00000004   PAD
    0x200009f8   0x00000400   Zero   RW          606    STACK               startup_stm32f10x_hd.o


==============================================================================

Image component sizes


      Code (inc. data)   RO Data    RW Data    ZI Data      Debug   Object Name

         0          0          0          0          0         32   core_cm3.o
       220         26          0          4          0       1631   delay.o
       250          6          0          0          0       3522   diskio.o
      2776        614        179         61       2220       7317   fatfs.o
      6348         50          0          6          0      29124   ff.o
       324         36          0          5          0       1884   key.o
        88          8          0          0          0        506   led.o
       224         80          0          0          0     261307   main.o
       192         30          0          0          0       2511   misc.o
       940         20       2090          0          0       7016   oled.o
      1998         78          0          1          0      10897   sdcard.o
       432         68          0          0          0       2349   spi.o
        36          8        304          0       1024        780   startup_stm32f10x_hd.o
        52         12          0          0          0       1053   stm32f10x_flash.o
       304          0          0          0          0       3556   stm32f10x_gpio.o
        62          4          0          0          0       6934   stm32f10x_it.o
       696         92          0         20          0      10186   stm32f10x_rcc.o
       112          0          0          0          0       3710   stm32f10x_spi.o
       540         72          0          0          0       5294   stm32f10x_tim.o
       408          6          0          0          0       4854   stm32f10x_usart.o
       392          6          0          0          0       1681   sys.o
       328         28          0         20          0       2005   system_stm32f10x.o
       324         26          0          6        200       3556   usart.o
       756         58      17308          0          0       4527   vs10xx.o

    ----------------------------------------------------------------------
     17834       1328      19914        128       3448     376232   Object Totals
         0          0         32          0          0          0   (incl. Generated)
        32          0          1          5          4          0   (incl. Padding)

    ----------------------------------------------------------------------

      Code (inc. data)   RO Data    RW Data    ZI Data      Debug   Library Member Name

         0          0          0          0          0          0   entry.o
         0          0          0          0          0          0   entry10a.o
         0          0          0          0          0          0   entry11a.o
         8          4          0          0          0          0   entry2.o
         4          0          0          0          0          0   entry5.o
         0          0          0          0          0          0   entry7b.o
         0          0          0          0          0          0   entry8b.o
         8          4          0          0          0          0   entry9a.o
        30          0          0          0          0          0   handlers.o
        36          8          0          0          0         68   init.o
         0          0          0          0          0          0   iusefp.o
       866         14          0          0          0        352   printf6.o
        24          0          0          0          0         68   strcat.o
        18          0          0          0          0         68   strcpy.o
        14          0          0          0          0         68   strlen.o
        36          0          0          0          0         80   strstr.o
        44          0          0          0          0         80   uidiv.o
        20          0          0          0          0         68   cfcmple.o
        20          0          0          0          0         68   cfrcmple.o
       176          0          0          0          0        140   fadd.o
       124          0          0          0          0         88   fdiv.o
       110          0          0          0          0        168   fepilogue.o
        40          0          0          0          0         68   ffixui.o
        18          0          0          0          0         68   fflti.o
        10          0          0          0          0         68   ffltui.o
       100          0          0          0          0         76   fmul.o

    ----------------------------------------------------------------------
      1712         30          0          0          0       1596   Library Totals
         6          0          0          0          0          0   (incl. Padding)

    ----------------------------------------------------------------------

      Code (inc. data)   RO Data    RW Data    ZI Data      Debug   Library Name

      1088         30          0          0          0        784   mc_w.l
       618          0          0          0          0        812   mf_w.l

    ----------------------------------------------------------------------
      1712         30          0          0          0       1596   Library Totals

    ----------------------------------------------------------------------

==============================================================================


      Code (inc. data)   RO Data    RW Data    ZI Data      Debug   

     19546       1358      19914        128       3448     369348   Grand Totals
     19546       1358      19914        128       3448     369348   ELF Image Totals
     19546       1358      19914        128          0          0   ROM Totals

==============================================================================

    Total RO  Size (Code + RO Data)                39460 (  38.54kB)
    Total RW  Size (RW Data + ZI Data)              3576 (   3.49kB)
    Total ROM Size (Code + RO Data + RW Data)      39588 (  38.66kB)

==============================================================================

